stepgen.cpp:63:6:virtual void Stepgen::slowUpdate()	0	static
stepgen.h:15:7:Stepgen::~Stepgen()	8	static
stepgen.h:15:7:virtual Stepgen::~Stepgen()	8	static
basic_string.h:525:7:std::__cxx11::basic_string<_CharT, _Traits, _Alloc>::basic_string(const _CharT*, const _Alloc&) [with _CharT = char; _Traits = std::char_traits<char>; _Alloc = std::allocator<char>]	24	static
stepgen.cpp:33:1:Stepgen::Stepgen(int32_t, int, std::string, std::string, int, volatile int32_t&, volatile int32_t&, volatile uint8_t&)	56	static
stepgen.cpp:68:6:void Stepgen::makePulses()	8	static
stepgen.cpp:52:6:virtual void Stepgen::update()	0	static
stepgen.cpp:106:6:void Stepgen::stopPulses()	8	static
stepgen.cpp:58:6:virtual void Stepgen::updatePost()	0	static
stepgen.cpp:113:6:void Stepgen::setEnabled(bool)	0	static
VariantAs.hpp:76:1:typename ArduinoJson6101_110::enable_if<(ArduinoJson6101_110::is_same<T, const char*>::value || ArduinoJson6101_110::is_same<T, char*>::value), const char*>::type ArduinoJson6101_110::variantAs(const ArduinoJson6101_110::VariantData*) [with T = const char*]	0	static
ObjectFunctions.hpp:26:21:ArduinoJson6101_110::VariantData* ArduinoJson6101_110::objectGet(const ArduinoJson6101_110::CollectionData*, TAdaptedString) [with TAdaptedString = ArduinoJson6101_110::ConstRamStringAdapter]	16	static
FloatTraits.hpp:29:12:static T ArduinoJson6101_110::FloatTraits<T, 8>::make_float(T, TExponent) [with TExponent = int; T = double]	56	static
parseNumber.hpp:55:36:ArduinoJson6101_110::ParsedNumber<TFloat, TUInt> ArduinoJson6101_110::parseNumber(const char*) [with TFloat = double; TUInt = long long unsigned int]	40	static
stepgen.cpp:8:6:void createStepgen()	104	static
