DeserializationError.hpp:16:8:void ArduinoJson6101_110::DeserializationError::safeBoolHelper() const	0	static
main.cpp:771:6:void udp_data_callback(void*, udp_pcb*, pbuf*, const ip_addr_t*, u16_t)	32	static,ignoring_inline_asm
main.cpp:833:6:void udp_mpg_callback(void*, udp_pcb*, pbuf*, const ip_addr_t*, u16_t)	16	static
basic_string.h:525:7:std::__cxx11::basic_string<_CharT, _Traits, _Alloc>::basic_string(const _CharT*, const _Alloc&) [with _CharT = char; _Traits = std::char_traits<char>; _Alloc = std::allocator<char>]	24	static
CollectionImpl.hpp:92:21:ArduinoJson6101_110::VariantSlot* ArduinoJson6101_110::CollectionData::getSlot(TAdaptedString) const [with TAdaptedString = ArduinoJson6101_110::ConstRamStringAdapter]	16	static
CollectionImpl.hpp:12:21:ArduinoJson6101_110::VariantSlot* ArduinoJson6101_110::CollectionData::addSlot(ArduinoJson6101_110::MemoryPool*)	8	static
StringBuilder.hpp:25:8:void ArduinoJson6101_110::StringBuilder::append(char)	8	static
StringBuilder.hpp:36:9:char* ArduinoJson6101_110::StringBuilder::complete()	8	static
irqHandlers.h:6:7:void TIM1_BRK_TIM9_IRQHandler()	0	static
irqHandlers.h:17:7:void TIM1_UP_TIM10_IRQHandler()	0	static
irqHandlers.h:28:7:void DMA2_Stream2_IRQn_IRQHandler()	0	static
createThreads.h:4:6:void createThreads()	16	static
main.cpp:107:6:int __io_putchar(int)	16	static
main.cpp:189:8:int8_t checkJson()	16	static,ignoring_inline_asm
main.cpp:233:6:void moveJson()	24	static
main.cpp:259:6:void jsonFromFlash(std::string)	24	static
main.cpp:407:6:void debugThreadHigh()	32	static
main.cpp:416:6:void debugThreadLow()	32	static
main.cpp:618:6:void SystemClock_Config()	88	static,ignoring_inline_asm
main.cpp:701:6:void Error_Handler()	0	static,ignoring_inline_asm
main.cpp:729:6:void udpServer_init()	16	static
JsonDeserializer.hpp:49:8:char ArduinoJson6101_110::JsonDeserializer<TReader, TStringStorage>::current() [with TReader = ArduinoJson6101_110::UnsafeCharPointerReader; TStringStorage = ArduinoJson6101_110::StringCopier]	0	static
JsonDeserializer.hpp:321:24:ArduinoJson6101_110::DeserializationError ArduinoJson6101_110::JsonDeserializer<TReader, TStringStorage>::skipSpacesAndComments() [with TReader = ArduinoJson6101_110::UnsafeCharPointerReader; TStringStorage = ArduinoJson6101_110::StringCopier]	16	static
VariantData.hpp:335:16:ArduinoJson6101_110::VariantData* ArduinoJson6101_110::VariantData::getMember(TAdaptedString) const [with TAdaptedString = ArduinoJson6101_110::ConstRamStringAdapter]	0	static
JsonDeserializer.hpp:179:24:ArduinoJson6101_110::DeserializationError ArduinoJson6101_110::JsonDeserializer<TReader, TStringStorage>::parseQuotedString(const char*&) [with TReader = ArduinoJson6101_110::UnsafeCharPointerReader; TStringStorage = ArduinoJson6101_110::StringCopier]	40	static
JsonDeserializer.hpp:306:22:static bool ArduinoJson6101_110::JsonDeserializer<TReader, TStringStorage>::canBeInNonQuotedString(char) [with TReader = ArduinoJson6101_110::UnsafeCharPointerReader; TStringStorage = ArduinoJson6101_110::StringCopier]	0	static
JsonDeserializer.hpp:163:24:ArduinoJson6101_110::DeserializationError ArduinoJson6101_110::JsonDeserializer<TReader, TStringStorage>::parseKey(const char*&) [with TReader = ArduinoJson6101_110::UnsafeCharPointerReader; TStringStorage = ArduinoJson6101_110::StringCopier]	40	static
ObjectFunctions.hpp:26:21:ArduinoJson6101_110::VariantData* ArduinoJson6101_110::objectGet(const ArduinoJson6101_110::CollectionData*, TAdaptedString) [with TAdaptedString = ArduinoJson6101_110::ConstRamStringAdapter]	0	static
main.cpp:359:6:void loadModules()	32	static
FloatTraits.hpp:29:12:static T ArduinoJson6101_110::FloatTraits<T, 8>::make_float(T, TExponent) [with TExponent = int; T = double]	56	static
parseNumber.hpp:55:36:ArduinoJson6101_110::ParsedNumber<TFloat, TUInt> ArduinoJson6101_110::parseNumber(const char*) [with TFloat = double; TUInt = long long unsigned int]	40	static
JsonDeserializer.hpp:241:24:ArduinoJson6101_110::DeserializationError ArduinoJson6101_110::JsonDeserializer<TReader, TStringStorage>::parseNumericValue(ArduinoJson6101_110::VariantData&) [with TReader = ArduinoJson6101_110::UnsafeCharPointerReader; TStringStorage = ArduinoJson6101_110::StringCopier]	120	static
JsonDeserializer.hpp:30:24:ArduinoJson6101_110::DeserializationError ArduinoJson6101_110::JsonDeserializer<TReader, TStringStorage>::parse(ArduinoJson6101_110::VariantData&) [with TReader = ArduinoJson6101_110::UnsafeCharPointerReader; TStringStorage = ArduinoJson6101_110::StringCopier]	24	static
main.cpp:298:6:void deserialiseJSON()	24	static
JsonDeserializer.hpp:70:24:ArduinoJson6101_110::DeserializationError ArduinoJson6101_110::JsonDeserializer<TReader, TStringStorage>::parseArray(ArduinoJson6101_110::CollectionData&) [with TReader = ArduinoJson6101_110::UnsafeCharPointerReader; TStringStorage = ArduinoJson6101_110::StringCopier]	16	static
JsonDeserializer.hpp:105:24:ArduinoJson6101_110::DeserializationError ArduinoJson6101_110::JsonDeserializer<TReader, TStringStorage>::parseObject(ArduinoJson6101_110::CollectionData&) [with TReader = ArduinoJson6101_110::UnsafeCharPointerReader; TStringStorage = ArduinoJson6101_110::StringCopier]	32	static
main.cpp:330:6:void configThreads()	64	static
main.cpp:431:5:int main()	48	static,ignoring_inline_asm
main.cpp:846:1:cpp)	8	static
main.cpp:846:1:cpp)	8	static
