Archive member included to satisfy reference by file (symbol)

c:/st/stm32cubeide_1.8.0/stm32cubeide/plugins/com.st.stm32cube.ide.mcu.externaltools.gnu-tools-for-stm32.9-2020-q2-update.win32_2.0.0.202105311346/tools/bin/../lib/gcc/arm-none-eabi/9.3.1/../../../../arm-none-eabi/lib/thumb/v7e-m+fp/hard\libstdc++_nano.a(del_op.o)
                              ./Core/Src/thread/pruThread.o (operator delete(void*))
c:/st/stm32cubeide_1.8.0/stm32cubeide/plugins/com.st.stm32cube.ide.mcu.externaltools.gnu-tools-for-stm32.9-2020-q2-update.win32_2.0.0.202105311346/tools/bin/../lib/gcc/arm-none-eabi/9.3.1/../../../../arm-none-eabi/lib/thumb/v7e-m+fp/hard\libstdc++_nano.a(del_ops.o)
                              ./Core/Src/modules/blink/blink.o (operator delete(void*, unsigned int))
c:/st/stm32cubeide_1.8.0/stm32cubeide/plugins/com.st.stm32cube.ide.mcu.externaltools.gnu-tools-for-stm32.9-2020-q2-update.win32_2.0.0.202105311346/tools/bin/../lib/gcc/arm-none-eabi/9.3.1/../../../../arm-none-eabi/lib/thumb/v7e-m+fp/hard\libstdc++_nano.a(guard.o)
                              ./Core/Src/main.o (__cxa_guard_acquire)
c:/st/stm32cubeide_1.8.0/stm32cubeide/plugins/com.st.stm32cube.ide.mcu.externaltools.gnu-tools-for-stm32.9-2020-q2-update.win32_2.0.0.202105311346/tools/bin/../lib/gcc/arm-none-eabi/9.3.1/../../../../arm-none-eabi/lib/thumb/v7e-m+fp/hard\libstdc++_nano.a(new_op.o)
                              ./Core/Src/main.o (operator new(unsigned int))
c:/st/stm32cubeide_1.8.0/stm32cubeide/plugins/com.st.stm32cube.ide.mcu.externaltools.gnu-tools-for-stm32.9-2020-q2-update.win32_2.0.0.202105311346/tools/bin/../lib/gcc/arm-none-eabi/9.3.1/../../../../arm-none-eabi/lib/thumb/v7e-m+fp/hard\libstdc++_nano.a(pure.o)
                              ./Core/Src/interrupt/interrupt.o (__cxa_pure_virtual)
c:/st/stm32cubeide_1.8.0/stm32cubeide/plugins/com.st.stm32cube.ide.mcu.externaltools.gnu-tools-for-stm32.9-2020-q2-update.win32_2.0.0.202105311346/tools/bin/../lib/gcc/arm-none-eabi/9.3.1/../../../../arm-none-eabi/lib/thumb/v7e-m+fp/hard\libstdc++_nano.a(functexcept.o)
                              ./Core/Src/modules/digitalPin/digitalPin.o (std::__throw_logic_error(char const*))
c:/st/stm32cubeide_1.8.0/stm32cubeide/plugins/com.st.stm32cube.ide.mcu.externaltools.gnu-tools-for-stm32.9-2020-q2-update.win32_2.0.0.202105311346/tools/bin/../lib/gcc/arm-none-eabi/9.3.1/../../../../arm-none-eabi/lib/thumb/v7e-m+fp/hard\libstdc++_nano.a(snprintf_lite.o)
                              c:/st/stm32cubeide_1.8.0/stm32cubeide/plugins/com.st.stm32cube.ide.mcu.externaltools.gnu-tools-for-stm32.9-2020-q2-update.win32_2.0.0.202105311346/tools/bin/../lib/gcc/arm-none-eabi/9.3.1/../../../../arm-none-eabi/lib/thumb/v7e-m+fp/hard\libstdc++_nano.a(functexcept.o) (__gnu_cxx::__snprintf_lite(char*, unsigned int, char const*, std::__va_list))
c:/st/stm32cubeide_1.8.0/stm32cubeide/plugins/com.st.stm32cube.ide.mcu.externaltools.gnu-tools-for-stm32.9-2020-q2-update.win32_2.0.0.202105311346/tools/bin/../lib/gcc/arm-none-eabi/9.3.1/../../../../arm-none-eabi/lib/thumb/v7e-m+fp/hard\libstdc++_nano.a(string-inst.o)
                              ./Core/Src/main.o (std::__cxx11::basic_string<char, std::char_traits<char>, std::allocator<char> >::_M_create(unsigned int&, unsigned int))
c:/st/stm32cubeide_1.8.0/stm32cubeide/plugins/com.st.stm32cube.ide.mcu.externaltools.gnu-tools-for-stm32.9-2020-q2-update.win32_2.0.0.202105311346/tools/bin/../lib/gcc/arm-none-eabi/9.3.1/../../../../arm-none-eabi/lib/thumb/v7e-m+fp/hard\libstdc++_nano.a(eh_terminate.o)
                              c:/st/stm32cubeide_1.8.0/stm32cubeide/plugins/com.st.stm32cube.ide.mcu.externaltools.gnu-tools-for-stm32.9-2020-q2-update.win32_2.0.0.202105311346/tools/bin/../lib/gcc/arm-none-eabi/9.3.1/../../../../arm-none-eabi/lib/thumb/v7e-m+fp/hard\libstdc++_nano.a(pure.o) (std::terminate())
c:/st/stm32cubeide_1.8.0/stm32cubeide/plugins/com.st.stm32cube.ide.mcu.externaltools.gnu-tools-for-stm32.9-2020-q2-update.win32_2.0.0.202105311346/tools/bin/../lib/gcc/arm-none-eabi/9.3.1/../../../../arm-none-eabi/lib/thumb/v7e-m+fp/hard\libstdc++_nano.a(eh_unex_handler.o)
                              c:/st/stm32cubeide_1.8.0/stm32cubeide/plugins/com.st.stm32cube.ide.mcu.externaltools.gnu-tools-for-stm32.9-2020-q2-update.win32_2.0.0.202105311346/tools/bin/../lib/gcc/arm-none-eabi/9.3.1/../../../../arm-none-eabi/lib/thumb/v7e-m+fp/hard\libstdc++_nano.a(eh_terminate.o) (__cxxabiv1::__unexpected_handler)
c:/st/stm32cubeide_1.8.0/stm32cubeide/plugins/com.st.stm32cube.ide.mcu.externaltools.gnu-tools-for-stm32.9-2020-q2-update.win32_2.0.0.202105311346/tools/bin/../lib/gcc/arm-none-eabi/9.3.1/../../../../arm-none-eabi/lib/thumb/v7e-m+fp/hard\libstdc++_nano.a(new_handler.o)
[...]
Memory Configuration

Name             Origin             Length             Attributes
CCMRAM           0x0000000010000000 0x0000000000010000 xrw
RAM              0x0000000020000000 0x0000000000020000 xrw
FLASH            0x0000000008000000 0x0000000000080000 xr
*default*        0x0000000000000000 0xffffffffffffffff

Linker script and memory map

LOAD c:/st/stm32cubeide_1.8.0/stm32cubeide/plugins/com.st.stm32cube.ide.mcu.externaltools.gnu-tools-for-stm32.9-2020-q2-update.win32_2.0.0.202105311346/tools/bin/../lib/gcc/arm-none-eabi/9.3.1/thumb/v7e-m+fp/hard/crti.o
LOAD c:/st/stm32cubeide_1.8.0/stm32cubeide/plugins/com.st.stm32cube.ide.mcu.externaltools.gnu-tools-for-stm32.9-2020-q2-update.win32_2.0.0.202105311346/tools/bin/../lib/gcc/arm-none-eabi/9.3.1/thumb/v7e-m+fp/hard/crtbegin.o
LOAD c:/st/stm32cubeide_1.8.0/stm32cubeide/plugins/com.st.stm32cube.ide.mcu.externaltools.gnu-tools-for-stm32.9-2020-q2-update.win32_2.0.0.202105311346/tools/bin/../lib/gcc/arm-none-eabi/9.3.1/../../../../arm-none-eabi/lib/thumb/v7e-m+fp/hard/crt0.o
LOAD ./Core/Src/drivers/pin/pin.o
LOAD ./Core/Src/flash_if.o
LOAD ./Core/Src/main.o
LOAD ./Core/Src/stm32f4xx_hal_msp.o
LOAD ./Core/Src/stm32f4xx_it.o
LOAD ./Core/Src/syscalls.o
LOAD ./Core/Src/sysmem.o
LOAD ./Core/Src/system_stm32f4xx.o
LOAD ./Core/Src/tftpserver.o
LOAD ./Core/Src/interrupt/interrupt.o
LOAD ./Core/Src/modules/blink/blink.o
LOAD ./Core/Src/modules/comms/RemoraComms.o
LOAD ./Core/Src/modules/debug/debug.o
LOAD ./Core/Src/modules/digitalPin/digitalPin.o
LOAD ./Core/Src/modules/module.o
LOAD ./Core/Src/modules/moduleInterrupt.o
LOAD ./Core/Src/modules/nvmpg/nvmpg.o
LOAD ./Core/Src/modules/pwm/softPwm.o
LOAD ./Core/Src/modules/pwm/spindlePwm.o
LOAD ./Core/Src/modules/stepgen/stepgen.o
LOAD ./Core/Src/thread/pruThread.o
LOAD ./Core/Src/thread/timer.o
LOAD ./Core/Src/thread/timerInterrupt.o
LOAD ./Core/Startup/startup_stm32f407vetx.o
LOAD ./Drivers/STM32F4xx_HAL_Driver/Src/stm32f4xx_hal.o
LOAD ./Drivers/STM32F4xx_HAL_Driver/Src/stm32f4xx_hal_cortex.o
LOAD ./Drivers/STM32F4xx_HAL_Driver/Src/stm32f4xx_hal_crc.o
LOAD ./Drivers/STM32F4xx_HAL_Driver/Src/stm32f4xx_hal_dma.o
LOAD ./Drivers/STM32F4xx_HAL_Driver/Src/stm32f4xx_hal_dma_ex.o
LOAD ./Drivers/STM32F4xx_HAL_Driver/Src/stm32f4xx_hal_eth.o
LOAD ./Drivers/STM32F4xx_HAL_Driver/Src/stm32f4xx_hal_exti.o
LOAD ./Drivers/STM32F4xx_HAL_Driver/Src/stm32f4xx_hal_flash.o
LOAD ./Drivers/STM32F4xx_HAL_Driver/Src/stm32f4xx_hal_flash_ex.o
LOAD ./Drivers/STM32F4xx_HAL_Driver/Src/stm32f4xx_hal_flash_ramfunc.o
LOAD ./Drivers/STM32F4xx_HAL_Driver/Src/stm32f4xx_hal_gpio.o
LOAD ./Drivers/STM32F4xx_HAL_Driver/Src/stm32f4xx_hal_pwr.o
LOAD ./Drivers/STM32F4xx_HAL_Driver/Src/stm32f4xx_hal_pwr_ex.o
LOAD ./Drivers/STM32F4xx_HAL_Driver/Src/stm32f4xx_hal_rcc.o
LOAD ./Drivers/STM32F4xx_HAL_Driver/Src/stm32f4xx_hal_rcc_ex.o
LOAD ./Drivers/STM32F4xx_HAL_Driver/Src/stm32f4xx_hal_tim.o
LOAD ./Drivers/STM32F4xx_HAL_Driver/Src/stm32f4xx_hal_tim_ex.o
LOAD ./Drivers/STM32F4xx_HAL_Driver/Src/stm32f4xx_hal_uart.o
LOAD ./LWIP/App/lwip.o
LOAD ./LWIP/Target/ethernetif.o
LOAD ./Middlewares/Third_Party/LwIP/src/api/api_lib.o
LOAD ./Middlewares/Third_Party/LwIP/src/api/api_msg.o
LOAD ./Middlewares/Third_Party/LwIP/src/api/err.o
LOAD ./Middlewares/Third_Party/LwIP/src/api/if_api.o
LOAD ./Middlewares/Third_Party/LwIP/src/api/netbuf.o
LOAD ./Middlewares/Third_Party/LwIP/src/api/netdb.o
LOAD ./Middlewares/Third_Party/LwIP/src/api/netifapi.o
LOAD ./Middlewares/Third_Party/LwIP/src/api/sockets.o
LOAD ./Middlewares/Third_Party/LwIP/src/api/tcpip.o
LOAD ./Middlewares/Third_Party/LwIP/src/apps/mqtt/mqtt.o
LOAD ./Middlewares/Third_Party/LwIP/src/core/altcp.o
LOAD ./Middlewares/Third_Party/LwIP/src/core/altcp_alloc.o
LOAD ./Middlewares/Third_Party/LwIP/src/core/altcp_tcp.o
LOAD ./Middlewares/Third_Party/LwIP/src/core/def.o
LOAD ./Middlewares/Third_Party/LwIP/src/core/dns.o
LOAD ./Middlewares/Third_Party/LwIP/src/core/inet_chksum.o
LOAD ./Middlewares/Third_Party/LwIP/src/core/init.o
LOAD ./Middlewares/Third_Party/LwIP/src/core/ip.o
LOAD ./Middlewares/Third_Party/LwIP/src/core/mem.o
LOAD ./Middlewares/Third_Party/LwIP/src/core/memp.o
LOAD ./Middlewares/Third_Party/LwIP/src/core/netif.o
LOAD ./Middlewares/Third_Party/LwIP/src/core/pbuf.o
LOAD ./Middlewares/Third_Party/LwIP/src/core/raw.o
LOAD ./Middlewares/Third_Party/LwIP/src/core/stats.o
LOAD ./Middlewares/Third_Party/LwIP/src/core/sys.o
LOAD ./Middlewares/Third_Party/LwIP/src/core/tcp.o
LOAD ./Middlewares/Third_Party/LwIP/src/core/tcp_in.o
LOAD ./Middlewares/Third_Party/LwIP/src/core/tcp_out.o
LOAD ./Middlewares/Third_Party/LwIP/src/core/timeouts.o
LOAD ./Middlewares/Third_Party/LwIP/src/core/udp.o
LOAD ./Middlewares/Third_Party/LwIP/src/core/ipv4/autoip.o
LOAD ./Middlewares/Third_Party/LwIP/src/core/ipv4/dhcp.o
LOAD ./Middlewares/Third_Party/LwIP/src/core/ipv4/etharp.o
LOAD ./Middlewares/Third_Party/LwIP/src/core/ipv4/icmp.o
LOAD ./Middlewares/Third_Party/LwIP/src/core/ipv4/igmp.o
LOAD ./Middlewares/Third_Party/LwIP/src/core/ipv4/ip4.o
LOAD ./Middlewares/Third_Party/LwIP/src/core/ipv4/ip4_addr.o
LOAD ./Middlewares/Third_Party/LwIP/src/core/ipv4/ip4_frag.o
LOAD ./Middlewares/Third_Party/LwIP/src/core/ipv6/dhcp6.o
LOAD ./Middlewares/Third_Party/LwIP/src/core/ipv6/ethip6.o
LOAD ./Middlewares/Third_Party/LwIP/src/core/ipv6/icmp6.o
LOAD ./Middlewares/Third_Party/LwIP/src/core/ipv6/inet6.o
LOAD ./Middlewares/Third_Party/LwIP/src/core/ipv6/ip6.o
LOAD ./Middlewares/Third_Party/LwIP/src/core/ipv6/ip6_addr.o
LOAD ./Middlewares/Third_Party/LwIP/src/core/ipv6/ip6_frag.o
LOAD ./Middlewares/Third_Party/LwIP/src/core/ipv6/mld6.o
LOAD ./Middlewares/Third_Party/LwIP/src/core/ipv6/nd6.o
LOAD ./Middlewares/Third_Party/LwIP/src/netif/bridgeif.o
LOAD ./Middlewares/Third_Party/LwIP/src/netif/bridgeif_fdb.o
LOAD ./Middlewares/Third_Party/LwIP/src/netif/ethernet.o
LOAD ./Middlewares/Third_Party/LwIP/src/netif/lowpan6.o
LOAD ./Middlewares/Third_Party/LwIP/src/netif/lowpan6_ble.o
LOAD ./Middlewares/Third_Party/LwIP/src/netif/lowpan6_common.o
LOAD ./Middlewares/Third_Party/LwIP/src/netif/slipif.o
LOAD ./Middlewares/Third_Party/LwIP/src/netif/zepif.o
LOAD ./Middlewares/Third_Party/LwIP/src/netif/ppp/auth.o
LOAD ./Middlewares/Third_Party/LwIP/src/netif/ppp/ccp.o
LOAD ./Middlewares/Third_Party/LwIP/src/netif/ppp/chap-md5.o
LOAD ./Middlewares/Third_Party/LwIP/src/netif/ppp/chap-new.o
LOAD ./Middlewares/Third_Party/LwIP/src/netif/ppp/chap_ms.o
LOAD ./Middlewares/Third_Party/LwIP/src/netif/ppp/demand.o
LOAD ./Middlewares/Third_Party/LwIP/src/netif/ppp/eap.o
LOAD ./Middlewares/Third_Party/LwIP/src/netif/ppp/ecp.o
LOAD ./Middlewares/Third_Party/LwIP/src/netif/ppp/eui64.o
LOAD ./Middlewares/Third_Party/LwIP/src/netif/ppp/fsm.o
LOAD ./Middlewares/Third_Party/LwIP/src/netif/ppp/ipcp.o
LOAD ./Middlewares/Third_Party/LwIP/src/netif/ppp/ipv6cp.o
LOAD ./Middlewares/Third_Party/LwIP/src/netif/ppp/lcp.o
LOAD ./Middlewares/Third_Party/LwIP/src/netif/ppp/magic.o
LOAD ./Middlewares/Third_Party/LwIP/src/netif/ppp/mppe.o
LOAD ./Middlewares/Third_Party/LwIP/src/netif/ppp/multilink.o
LOAD ./Middlewares/Third_Party/LwIP/src/netif/ppp/ppp.o
LOAD ./Middlewares/Third_Party/LwIP/src/netif/ppp/pppapi.o
LOAD ./Middlewares/Third_Party/LwIP/src/netif/ppp/pppcrypt.o
LOAD ./Middlewares/Third_Party/LwIP/src/netif/ppp/pppoe.o
LOAD ./Middlewares/Third_Party/LwIP/src/netif/ppp/pppol2tp.o
LOAD ./Middlewares/Third_Party/LwIP/src/netif/ppp/pppos.o
LOAD ./Middlewares/Third_Party/LwIP/src/netif/ppp/upap.o
LOAD ./Middlewares/Third_Party/LwIP/src/netif/ppp/utils.o
LOAD ./Middlewares/Third_Party/LwIP/src/netif/ppp/vj.o
START GROUP
LOAD c:/st/stm32cubeide_1.8.0/stm32cubeide/plugins/com.st.stm32cube.ide.mcu.externaltools.gnu-tools-for-stm32.9-2020-q2-update.win32_2.0.0.202105311346/tools/bin/../lib/gcc/arm-none-eabi/9.3.1/../../../../arm-none-eabi/lib/thumb/v7e-m+fp/hard\libstdc++_nano.a
LOAD c:/st/stm32cubeide_1.8.0/stm32cubeide/plugins/com.st.stm32cube.ide.mcu.externaltools.gnu-tools-for-stm32.9-2020-q2-update.win32_2.0.0.202105311346/tools/bin/../lib/gcc/arm-none-eabi/9.3.1/../../../../arm-none-eabi/lib/thumb/v7e-m+fp/hard\libsupc++_nano.a
END GROUP
LOAD c:/st/stm32cubeide_1.8.0/stm32cubeide/plugins/com.st.stm32cube.ide.mcu.externaltools.gnu-tools-for-stm32.9-2020-q2-update.win32_2.0.0.202105311346/tools/bin/../lib/gcc/arm-none-eabi/9.3.1/../../../../arm-none-eabi/lib/thumb/v7e-m+fp/hard\libstdc++_nano.a
LOAD c:/st/stm32cubeide_1.8.0/stm32cubeide/plugins/com.st.stm32cube.ide.mcu.externaltools.gnu-tools-for-stm32.9-2020-q2-update.win32_2.0.0.202105311346/tools/bin/../lib/gcc/arm-none-eabi/9.3.1/../../../../arm-none-eabi/lib/thumb/v7e-m+fp/hard\libm.a
LOAD c:/st/stm32cubeide_1.8.0/stm32cubeide/plugins/com.st.stm32cube.ide.mcu.externaltools.gnu-tools-for-stm32.9-2020-q2-update.win32_2.0.0.202105311346/tools/bin/../lib/gcc/arm-none-eabi/9.3.1/../../../../arm-none-eabi/lib/thumb/v7e-m+fp/hard\libc_nano.a
START GROUP
LOAD c:/st/stm32cubeide_1.8.0/stm32cubeide/plugins/com.st.stm32cube.ide.mcu.externaltools.gnu-tools-for-stm32.9-2020-q2-update.win32_2.0.0.202105311346/tools/bin/../lib/gcc/arm-none-eabi/9.3.1/thumb/v7e-m+fp/hard\libgcc.a
LOAD c:/st/stm32cubeide_1.8.0/stm32cubeide/plugins/com.st.stm32cube.ide.mcu.externaltools.gnu-tools-for-stm32.9-2020-q2-update.win32_2.0.0.202105311346/tools/bin/../lib/gcc/arm-none-eabi/9.3.1/../../../../arm-none-eabi/lib/thumb/v7e-m+fp/hard\libc_nano.a
END GROUP
START GROUP
LOAD c:/st/stm32cubeide_1.8.0/stm32cubeide/plugins/com.st.stm32cube.ide.mcu.externaltools.gnu-tools-for-stm32.9-2020-q2-update.win32_2.0.0.202105311346/tools/bin/../lib/gcc/arm-none-eabi/9.3.1/thumb/v7e-m+fp/hard\libgcc.a
LOAD c:/st/stm32cubeide_1.8.0/stm32cubeide/plugins/com.st.stm32cube.ide.mcu.externaltools.gnu-tools-for-stm32.9-2020-q2-update.win32_2.0.0.202105311346/tools/bin/../lib/gcc/arm-none-eabi/9.3.1/../../../../arm-none-eabi/lib/thumb/v7e-m+fp/hard\libc_nano.a
LOAD c:/st/stm32cubeide_1.8.0/stm32cubeide/plugins/com.st.stm32cube.ide.mcu.externaltools.gnu-tools-for-stm32.9-2020-q2-update.win32_2.0.0.202105311346/tools/bin/../lib/gcc/arm-none-eabi/9.3.1/../../../../arm-none-eabi/lib/thumb/v7e-m+fp/hard\libnosys.a
END GROUP
START GROUP
LOAD c:/st/stm32cubeide_1.8.0/stm32cubeide/plugins/com.st.stm32cube.ide.mcu.externaltools.gnu-tools-for-stm32.9-2020-q2-update.win32_2.0.0.202105311346/tools/bin/../lib/gcc/arm-none-eabi/9.3.1/thumb/v7e-m+fp/hard\libgcc.a
LOAD c:/st/stm32cubeide_1.8.0/stm32cubeide/plugins/com.st.stm32cube.ide.mcu.externaltools.gnu-tools-for-stm32.9-2020-q2-update.win32_2.0.0.202105311346/tools/bin/../lib/gcc/arm-none-eabi/9.3.1/../../../../arm-none-eabi/lib/thumb/v7e-m+fp/hard\libc_nano.a
LOAD c:/st/stm32cubeide_1.8.0/stm32cubeide/plugins/com.st.stm32cube.ide.mcu.externaltools.gnu-tools-for-stm32.9-2020-q2-update.win32_2.0.0.202105311346/tools/bin/../lib/gcc/arm-none-eabi/9.3.1/../../../../arm-none-eabi/lib/thumb/v7e-m+fp/hard\libnosys.a
END GROUP
LOAD c:/st/stm32cubeide_1.8.0/stm32cubeide/plugins/com.st.stm32cube.ide.mcu.externaltools.gnu-tools-for-stm32.9-2020-q2-update.win32_2.0.0.202105311346/tools/bin/../lib/gcc/arm-none-eabi/9.3.1/thumb/v7e-m+fp/hard/crtend.o
LOAD c:/st/stm32cubeide_1.8.0/stm32cubeide/plugins/com.st.stm32cube.ide.mcu.externaltools.gnu-tools-for-stm32.9-2020-q2-update.win32_2.0.0.202105311346/tools/bin/../lib/gcc/arm-none-eabi/9.3.1/thumb/v7e-m+fp/hard/crtn.o
                0x0000000020020000                _estack = (ORIGIN (RAM) + LENGTH (RAM))
                0x0000000000000200                _Min_Heap_Size = 0x200
                0x0000000000000400                _Min_Stack_Size = 0x400

.isr_vector     0x0000000008000000      0x188
                0x0000000008000000                . = ALIGN (0x4)
 *(.isr_vector)
 .isr_vector    0x0000000008000000      0x188 ./Core/Startup/startup_stm32f407vetx.o
                0x0000000008000000                g_pfnVectors
                0x0000000008000188                . = ALIGN (0x4)

.text           0x0000000008000190     0xd328
                0x0000000008000190                . = ALIGN (0x4)
 *(.text)
 .text          0x0000000008000190       0x40 c:/st/stm32cubeide_1.8.0/stm32cubeide/plugins/com.st.stm32cube.ide.mcu.externaltools.gnu-tools-for-stm32.9-2020-q2-update.win32_2.0.0.202105311346/tools/bin/../lib/gcc/arm-none-eabi/9.3.1/thumb/v7e-m+fp/hard/crtbegin.o
 .text          0x00000000080001d0       0xa0 c:/st/stm32cubeide_1.8.0/stm32cubeide/plugins/com.st.stm32cube.ide.mcu.externaltools.gnu-tools-for-stm32.9-2020-q2-update.win32_2.0.0.202105311346/tools/bin/../lib/gcc/arm-none-eabi/9.3.1/../../../../arm-none-eabi/lib/thumb/v7e-m+fp/hard\libc_nano.a(lib_a-memchr.o)
                0x00000000080001d0                memchr
 .text          0x0000000008000270       0x14 c:/st/stm32cubeide_1.8.0/stm32cubeide/plugins/com.st.stm32cube.ide.mcu.externaltools.gnu-tools-for-stm32.9-2020-q2-update.win32_2.0.0.202105311346/tools/bin/../lib/gcc/arm-none-eabi/9.3.1/../../../../arm-none-eabi/lib/thumb/v7e-m+fp/hard\libc_nano.a(lib_a-strcmp.o)
                0x0000000008000270                strcmp
 .text          0x0000000008000284       0x10 c:/st/stm32cubeide_1.8.0/stm32cubeide/plugins/com.st.stm32cube.ide.mcu.externaltools.gnu-tools-for-stm32.9-2020-q2-update.win32_2.0.0.202105311346/tools/bin/../lib/gcc/arm-none-eabi/9.3.1/../../../../arm-none-eabi/lib/thumb/v7e-m+fp/hard\libc_nano.a(lib_a-strlen.o)
                0x0000000008000284                strlen
 .text          0x0000000008000294      0x378 c:/st/stm32cubeide_1.8.0/stm32cubeide/plugins/com.st.stm32cube.ide.mcu.externaltools.gnu-tools-for-stm32.9-2020-q2-update.win32_2.0.0.202105311346/tools/bin/../lib/gcc/arm-none-eabi/9.3.1/thumb/v7e-m+fp/hard\libgcc.a(_arm_addsubdf3.o)
                0x0000000008000294                __aeabi_drsub
                0x000000000800029c                __aeabi_dsub
                0x000000000800029c                __subdf3
                0x00000000080002a0                __aeabi_dadd
                0x00000000080002a0                __adddf3
                0x0000000008000518                __floatunsidf
                0x0000000008000518                __aeabi_ui2d
                0x0000000008000538                __floatsidf
                0x0000000008000538                __aeabi_i2d
                0x000000000800055c                __aeabi_f2d
                0x000000000800055c                __extendsfdf2
                0x00000000080005a0                __floatundidf
                0x00000000080005a0                __aeabi_ul2d
                0x00000000080005b0                __floatdidf
                0x00000000080005b0                __aeabi_l2d
 .text          0x000000000800060c      0x424 c:/st/stm32cubeide_1.8.0/stm32cubeide/plugins/com.st.stm32cube.ide.mcu.externaltools.gnu-tools-for-stm32.9-2020-q2-update.win32_2.0.0.202105311346/tools/bin/../lib/gcc/arm-none-eabi/9.3.1/thumb/v7e-m+fp/hard\libgcc.a(_arm_muldivdf3.o)
                0x000000000800060c                __aeabi_dmul
                0x000000000800060c                __muldf3
                0x0000000008000860                __divdf3
                0x0000000008000860                __aeabi_ddiv
 .text          0x0000000008000a30      0x110 c:/st/stm32cubeide_1.8.0/stm32cubeide/plugins/com.st.stm32cube.ide.mcu.externaltools.gnu-tools-for-stm32.9-2020-q2-update.win32_2.0.0.202105311346/tools/bin/../lib/gcc/arm-none-eabi/9.3.1/thumb/v7e-m+fp/hard\libgcc.a(_arm_cmpdf2.o)
                0x0000000008000a30                __gtdf2
                0x0000000008000a30                __gedf2
                0x0000000008000a38                __ltdf2
                0x0000000008000a38                __ledf2
                0x0000000008000a40                __nedf2
                0x0000000008000a40                __eqdf2
                0x0000000008000a40                __cmpdf2
                0x0000000008000abc                __aeabi_cdrcmple
                0x0000000008000acc                __aeabi_cdcmpeq
                0x0000000008000acc                __aeabi_cdcmple
                0x0000000008000adc                __aeabi_dcmpeq
                0x0000000008000af0                __aeabi_dcmplt
                0x0000000008000b04                __aeabi_dcmple
                0x0000000008000b18                __aeabi_dcmpge
                0x0000000008000b2c                __aeabi_dcmpgt
 .text          0x0000000008000b40       0x50 c:/st/stm32cubeide_1.8.0/stm32cubeide/plugins/com.st.stm32cube.ide.mcu.externaltools.gnu-tools-for-stm32.9-2020-q2-update.win32_2.0.0.202105311346/tools/bin/../lib/gcc/arm-none-eabi/9.3.1/thumb/v7e-m+fp/hard\libgcc.a(_arm_fixdfsi.o)
                0x0000000008000b40                __aeabi_d2iz
                0x0000000008000b40                __fixdfsi
 .text          0x0000000008000b90       0x40 c:/st/stm32cubeide_1.8.0/stm32cubeide/plugins/com.st.stm32cube.ide.mcu.externaltools.gnu-tools-for-stm32.9-2020-q2-update.win32_2.0.0.202105311346/tools/bin/../lib/gcc/arm-none-eabi/9.3.1/thumb/v7e-m+fp/hard\libgcc.a(_arm_fixunsdfsi.o)
                0x0000000008000b90                __aeabi_d2uiz
                0x0000000008000b90                __fixunsdfsi
 .text          0x0000000008000bd0       0x30 c:/st/stm32cubeide_1.8.0/stm32cubeide/plugins/com.st.stm32cube.ide.mcu.externaltools.gnu-tools-for-stm32.9-2020-q2-update.win32_2.0.0.202105311346/tools/bin/../lib/gcc/arm-none-eabi/9.3.1/thumb/v7e-m+fp/hard\libgcc.a(_aeabi_uldivmod.o)
                0x0000000008000bd0                __aeabi_uldivmod
 .text          0x0000000008000c00      0x2c4 c:/st/stm32cubeide_1.8.0/stm32cubeide/plugins/com.st.stm32cube.ide.mcu.externaltools.gnu-tools-for-stm32.9-2020-q2-update.win32_2.0.0.202105311346/tools/bin/../lib/gcc/arm-none-eabi/9.3.1/thumb/v7e-m+fp/hard\libgcc.a(_udivmoddi4.o)
                0x0000000008000c00                __udivmoddi4
 .text          0x0000000008000ec4        0x4 c:/st/stm32cubeide_1.8.0/stm32cubeide/plugins/com.st.stm32cube.ide.mcu.externaltools.gnu-tools-for-stm32.9-2020-q2-update.win32_2.0.0.202105311346/tools/bin/../lib/gcc/arm-none-eabi/9.3.1/thumb/v7e-m+fp/hard\libgcc.a(_dvmd_tls.o)
                0x0000000008000ec4                __aeabi_idiv0
                0x0000000008000ec4                __aeabi_ldiv0
 *(.text*)
 .text._ZN3Pin7initPinEv
                0x0000000008000ec8       0x2c ./Core/Src/drivers/pin/pin.o
                0x0000000008000ec8                Pin::initPin()
 .text._ZN3Pin9configPinEv
                0x0000000008000ef4      0x17c ./Core/Src/drivers/pin/pin.o
                0x0000000008000ef4                Pin::configPin()
 .text._ZN3PinC2ENSt7__cxx1112basic_stringIcSt11char_traitsIcESaIcEEEi
                0x0000000008001070       0x34 ./Core/Src/drivers/pin/pin.o
                0x0000000008001070                Pin::Pin(std::__cxx11::basic_string<char, std::char_traits<char>, std::allocator<char> >, int)
                0x0000000008001070                Pin::Pin(std::__cxx11::basic_string<char, std::char_traits<char>, std::allocator<char> >, int)
 .text._ZN3PinC2ENSt7__cxx1112basic_stringIcSt11char_traitsIcESaIcEEEii
                0x00000000080010a4       0x6c ./Core/Src/drivers/pin/pin.o
                0x00000000080010a4                Pin::Pin(std::__cxx11::basic_string<char, std::char_traits<char>, std::allocator<char> >, int, int)
                0x00000000080010a4                Pin::Pin(std::__cxx11::basic_string<char, std::char_traits<char>, std::allocator<char> >, int, int)
 .text._Z13FLASH_If_Initv
                0x0000000008001110        0x4 ./Core/Src/flash_if.o
                0x0000000008001110                FLASH_If_Init()
 .text._Z14FLASH_If_Erasem
                0x0000000008001114       0xd0 ./Core/Src/flash_if.o
                0x0000000008001114                FLASH_If_Erase(unsigned long)
 .text._Z14FLASH_If_WritePVmPmt
                0x00000000080011e4       0x54 ./Core/Src/flash_if.o
                0x00000000080011e4                FLASH_If_Write(unsigned long volatile*, unsigned long*, unsigned short)
 .text._Z17udp_data_callbackPvP7udp_pcbP4pbufPK8ip4_addrt
                0x0000000008001238       0xec ./Core/Src/main.o
                0x0000000008001238                udp_data_callback(void*, udp_pcb*, pbuf*, ip4_addr const*, unsigned short)
 .text._Z16udp_mpg_callbackPvP7udp_pcbP4pbufPK8ip4_addrt
                0x0000000008001324       0x3c ./Core/Src/main.o
                0x0000000008001324                udp_mpg_callback(void*, udp_pcb*, pbuf*, ip4_addr const*, unsigned short)
 .text._ZNK19ArduinoJson6101_11014CollectionData7getSlotINS_21ConstRamStringAdapterEEEPNS_11VariantSlotET_.isra.0
                0x0000000008001360       0x36 ./Core/Src/main.o
 .text._ZN19ArduinoJson6101_11014CollectionData7addSlotEPNS_10MemoryPoolE
                0x0000000008001396       0x38 ./Core/Src/main.o
                0x0000000008001396                ArduinoJson6101_110::CollectionData::addSlot(ArduinoJson6101_110::MemoryPool*)
 .text._ZN19ArduinoJson6101_11013StringBuilder6appendEc
                0x00000000080013ce       0x1c ./Core/Src/main.o
                0x00000000080013ce                ArduinoJson6101_110::StringBuilder::append(char)
 .text._ZN19ArduinoJson6101_11013StringBuilder8completeEv
                0x00000000080013ea       0x22 ./Core/Src/main.o
                0x00000000080013ea                ArduinoJson6101_110::StringBuilder::complete()
 .text.TIM1_BRK_TIM9_IRQHandler
                0x000000000800140c       0x1c ./Core/Src/main.o
                0x000000000800140c                TIM1_BRK_TIM9_IRQHandler
 .text.TIM1_UP_TIM10_IRQHandler
                0x0000000008001428       0x1c ./Core/Src/main.o
                0x0000000008001428                TIM1_UP_TIM10_IRQHandler
 .text._Z13createThreadsv
                0x0000000008001444       0x60 ./Core/Src/main.o
                0x0000000008001444                createThreads()
 .text.__io_putchar
                0x00000000080014a4       0x20 ./Core/Src/main.o
                0x00000000080014a4                __io_putchar
 .text._Z9checkJsonv
                0x00000000080014c4       0xc0 ./Core/Src/main.o
                0x00000000080014c4                checkJson()
 .text._Z8moveJsonv
                0x0000000008001584       0x48 ./Core/Src/main.o
                0x0000000008001584                moveJson()
 .text._Z13jsonFromFlashNSt7__cxx1112basic_stringIcSt11char_traitsIcESaIcEEE
                0x00000000080015cc       0x98 ./Core/Src/main.o
                0x00000000080015cc                jsonFromFlash(std::__cxx11::basic_string<char, std::char_traits<char>, std::allocator<char> >)
 .text._Z18SystemClock_Configv
                0x0000000008001664       0xa4 ./Core/Src/main.o
                0x0000000008001664                SystemClock_Config()
 .text._Z14udpServer_initv
                0x0000000008001708       0x5c ./Core/Src/main.o
                0x0000000008001708                udpServer_init()
 .text._ZN19ArduinoJson6101_11016JsonDeserializerINS_23UnsafeCharPointerReaderENS_12StringCopierEE7currentEv
                0x0000000008001764       0x16 ./Core/Src/main.o
                0x0000000008001764                ArduinoJson6101_110::JsonDeserializer<ArduinoJson6101_110::UnsafeCharPointerReader, ArduinoJson6101_110::StringCopier>::current()
 .text._ZN19ArduinoJson6101_11016JsonDeserializerINS_23UnsafeCharPointerReaderENS_12StringCopierEE21skipSpacesAndCommentsEv
                0x000000000800177a       0x7a ./Core/Src/main.o
                0x000000000800177a                ArduinoJson6101_110::JsonDeserializer<ArduinoJson6101_110::UnsafeCharPointerReader, ArduinoJson6101_110::StringCopier>::skipSpacesAndComments()
 .text._ZNK19ArduinoJson6101_11011VariantData9getMemberINS_21ConstRamStringAdapterEEEPS0_T_
                0x00000000080017f4       0x12 ./Core/Src/main.o
                0x00000000080017f4                ArduinoJson6101_110::VariantData* ArduinoJson6101_110::VariantData::getMember<ArduinoJson6101_110::ConstRamStringAdapter>(ArduinoJson6101_110::ConstRamStringAdapter) const
 *fill*         0x0000000008001806        0x2 
 .text._ZN19ArduinoJson6101_11016JsonDeserializerINS_23UnsafeCharPointerReaderENS_12StringCopierEE17parseQuotedStringERPKc
                0x0000000008001808       0x94 ./Core/Src/main.o
                0x0000000008001808                ArduinoJson6101_110::JsonDeserializer<ArduinoJson6101_110::UnsafeCharPointerReader, ArduinoJson6101_110::StringCopier>::parseQuotedString(char const*&)
 .text._ZN19ArduinoJson6101_11016JsonDeserializerINS_23UnsafeCharPointerReaderENS_12StringCopierEE22canBeInNonQuotedStringEc
                0x000000000800189c       0x2e ./Core/Src/main.o
                0x000000000800189c                ArduinoJson6101_110::JsonDeserializer<ArduinoJson6101_110::UnsafeCharPointerReader, ArduinoJson6101_110::StringCopier>::canBeInNonQuotedString(char)
 .text._ZN19ArduinoJson6101_11016JsonDeserializerINS_23UnsafeCharPointerReaderENS_12StringCopierEE8parseKeyERPKc
                0x00000000080018ca       0x78 ./Core/Src/main.o
                0x00000000080018ca                ArduinoJson6101_110::JsonDeserializer<ArduinoJson6101_110::UnsafeCharPointerReader, ArduinoJson6101_110::StringCopier>::parseKey(char const*&)
 .text._ZN19ArduinoJson6101_1109objectGetINS_21ConstRamStringAdapterEEEPNS_11VariantDataEPKNS_14CollectionDataET_
                0x0000000008001942        0xa ./Core/Src/main.o
                0x0000000008001942                ArduinoJson6101_110::VariantData* ArduinoJson6101_110::objectGet<ArduinoJson6101_110::ConstRamStringAdapter>(ArduinoJson6101_110::CollectionData const*, ArduinoJson6101_110::ConstRamStringAdapter)
 .text._Z11loadModulesv
                0x000000000800194c      0x148 ./Core/Src/main.o
                0x000000000800194c                loadModules()
 *fill*         0x0000000008001a94        0x4 
 .text._ZN19ArduinoJson6101_11011FloatTraitsIdLj8EE10make_floatIiEEddT_
                0x0000000008001a98      0x1a8 ./Core/Src/main.o
                0x0000000008001a98                double ArduinoJson6101_110::FloatTraits<double, 8u>::make_float<int>(double, int)
 .text._ZN19ArduinoJson6101_11011parseNumberIdyEENS_12ParsedNumberIT_T0_EEPKc
                0x0000000008001c40      0x210 ./Core/Src/main.o
                0x0000000008001c40                ArduinoJson6101_110::ParsedNumber<double, unsigned long long> ArduinoJson6101_110::parseNumber<double, unsigned long long>(char const*)
 .text._ZN19ArduinoJson6101_11016JsonDeserializerINS_23UnsafeCharPointerReaderENS_12StringCopierEE17parseNumericValueERNS_11VariantDataE
                0x0000000008001e50       0xe6 ./Core/Src/main.o
                0x0000000008001e50                ArduinoJson6101_110::JsonDeserializer<ArduinoJson6101_110::UnsafeCharPointerReader, ArduinoJson6101_110::StringCopier>::parseNumericValue(ArduinoJson6101_110::VariantData&)
 .text._ZN19ArduinoJson6101_11016JsonDeserializerINS_23UnsafeCharPointerReaderENS_12StringCopierEE5parseERNS_11VariantDataE
                0x0000000008001f36       0x8c ./Core/Src/main.o
                0x0000000008001f36                ArduinoJson6101_110::JsonDeserializer<ArduinoJson6101_110::UnsafeCharPointerReader, ArduinoJson6101_110::StringCopier>::parse(ArduinoJson6101_110::VariantData&)
 *fill*         0x0000000008001fc2        0x2 
 .text._Z15deserialiseJSONv
                0x0000000008001fc4       0xa4 ./Core/Src/main.o
                0x0000000008001fc4                deserialiseJSON()
 .text._ZN19ArduinoJson6101_11016JsonDeserializerINS_23UnsafeCharPointerReaderENS_12StringCopierEE10parseArrayERNS_14CollectionDataE
                0x0000000008002068       0x8e ./Core/Src/main.o
                0x0000000008002068                ArduinoJson6101_110::JsonDeserializer<ArduinoJson6101_110::UnsafeCharPointerReader, ArduinoJson6101_110::StringCopier>::parseArray(ArduinoJson6101_110::CollectionData&)
 .text._ZN19ArduinoJson6101_11016JsonDeserializerINS_23UnsafeCharPointerReaderENS_12StringCopierEE11parseObjectERNS_14CollectionDataE
                0x00000000080020f6       0xce ./Core/Src/main.o
                0x00000000080020f6                ArduinoJson6101_110::JsonDeserializer<ArduinoJson6101_110::UnsafeCharPointerReader, ArduinoJson6101_110::StringCopier>::parseObject(ArduinoJson6101_110::CollectionData&)
 *fill*         0x00000000080021c4        0x4 
 .text._Z13configThreadsv
                0x00000000080021c8      0x198 ./Core/Src/main.o
                0x00000000080021c8                configThreads()
 .text.startup.main
                0x0000000008002360      0x1c0 ./Core/Src/main.o
                0x0000000008002360                main
 .text.startup._GLOBAL__sub_I_TIM1_BRK_TIM9_IRQHandler
                0x0000000008002520       0x5c ./Core/Src/main.o
 .text.exit._GLOBAL__sub_D_TIM1_BRK_TIM9_IRQHandler
                0x000000000800257c       0x1c ./Core/Src/main.o
 .text.HAL_MspInit
                0x0000000008002598       0x38 ./Core/Src/stm32f4xx_hal_msp.o
                0x0000000008002598                HAL_MspInit
 .text.HAL_UART_MspInit
                0x00000000080025d0       0x6c ./Core/Src/stm32f4xx_hal_msp.o
                0x00000000080025d0                HAL_UART_MspInit
 .text.NMI_Handler
                0x000000000800263c        0x2 ./Core/Src/stm32f4xx_it.o
                0x000000000800263c                NMI_Handler
 .text.HardFault_Handler
                0x000000000800263e        0x2 ./Core/Src/stm32f4xx_it.o
                0x000000000800263e                HardFault_Handler
 .text.MemManage_Handler
                0x0000000008002640        0x2 ./Core/Src/stm32f4xx_it.o
                0x0000000008002640                MemManage_Handler
 .text.BusFault_Handler
                0x0000000008002642        0x2 ./Core/Src/stm32f4xx_it.o
                0x0000000008002642                BusFault_Handler
 .text.UsageFault_Handler
                0x0000000008002644        0x2 ./Core/Src/stm32f4xx_it.o
                0x0000000008002644                UsageFault_Handler
 .text.SVC_Handler
                0x0000000008002646        0x2 ./Core/Src/stm32f4xx_it.o
                0x0000000008002646                SVC_Handler
 .text.DebugMon_Handler
                0x0000000008002648        0x2 ./Core/Src/stm32f4xx_it.o
                0x0000000008002648                DebugMon_Handler
 .text.PendSV_Handler
                0x000000000800264a        0x2 ./Core/Src/stm32f4xx_it.o
                0x000000000800264a                PendSV_Handler
 .text.SysTick_Handler
                0x000000000800264c        0x4 ./Core/Src/stm32f4xx_it.o
                0x000000000800264c                SysTick_Handler
 .text._getpid  0x0000000008002650        0x4 ./Core/Src/syscalls.o
                0x0000000008002650                _getpid
 .text._kill    0x0000000008002654       0x10 ./Core/Src/syscalls.o
                0x0000000008002654                _kill
 .text._exit    0x0000000008002664        0xc ./Core/Src/syscalls.o
                0x0000000008002664                _exit
 .text._read    0x0000000008002670       0x1a ./Core/Src/syscalls.o
                0x0000000008002670                _read
 .text._write   0x000000000800268a       0x1a ./Core/Src/syscalls.o
                0x000000000800268a                _write
 .text._close   0x00000000080026a4        0x6 ./Core/Src/syscalls.o
                0x00000000080026a4                _close
 .text._fstat   0x00000000080026aa        0xa ./Core/Src/syscalls.o
                0x00000000080026aa                _fstat
 .text._isatty  0x00000000080026b4        0x4 ./Core/Src/syscalls.o
                0x00000000080026b4                _isatty
 .text._lseek   0x00000000080026b8        0x4 ./Core/Src/syscalls.o
                0x00000000080026b8                _lseek
 .text._sbrk    0x00000000080026bc       0x40 ./Core/Src/sysmem.o
                0x00000000080026bc                _sbrk
 .text.SystemInit
                0x00000000080026fc       0x14 ./Core/Src/system_stm32f4xx.o
                0x00000000080026fc                SystemInit
 .text._ZL19IAP_tftp_cleanup_wrP7udp_pcbP20tftp_connection_args
                0x0000000008002710       0x30 ./Core/Src/tftpserver.o
 .text._ZL24IAP_tftp_send_ack_packetP7udp_pcbPK8ip4_addrii
                0x0000000008002740       0x50 ./Core/Src/tftpserver.o
 .text._ZL22IAP_tftp_recv_callbackPvP7udp_pcbP4pbufPK8ip4_addrt
                0x0000000008002790       0xac ./Core/Src/tftpserver.o
 .text._ZL21IAP_wrq_recv_callbackPvP7udp_pcbP4pbufPK8ip4_addrt
                0x000000000800283c       0xe0 ./Core/Src/tftpserver.o
 .text._Z14IAP_tftpd_initv
                0x000000000800291c       0x34 ./Core/Src/tftpserver.o
                0x000000000800291c                IAP_tftpd_init()
 .text._ZN9InterruptC2Ev
                0x0000000008002950        0xc ./Core/Src/interrupt/interrupt.o
                0x0000000008002950                Interrupt::Interrupt()
                0x0000000008002950                Interrupt::Interrupt()
 .text._ZN9Interrupt8RegisterEiPS_
                0x000000000800295c       0x20 ./Core/Src/interrupt/interrupt.o
                0x000000000800295c                Interrupt::Register(int, Interrupt*)
 .text._ZN9Interrupt12TIM9_WrapperEv
                0x000000000800297c       0x10 ./Core/Src/interrupt/interrupt.o
                0x000000000800297c                Interrupt::TIM9_Wrapper()
 .text._ZN9Interrupt13TIM10_WrapperEv
                0x000000000800298c       0x10 ./Core/Src/interrupt/interrupt.o
                0x000000000800298c                Interrupt::TIM10_Wrapper()
 .text._ZN11RemoraCommsD2Ev
                0x000000000800299c       0x14 ./Core/Src/modules/comms/RemoraComms.o
                0x000000000800299c                RemoraComms::~RemoraComms()
                0x000000000800299c                RemoraComms::~RemoraComms()
 .text._ZN11RemoraCommsD0Ev
                0x00000000080029b0       0x14 ./Core/Src/modules/comms/RemoraComms.o
                0x00000000080029b0                RemoraComms::~RemoraComms()
 .text._ZN11RemoraComms6updateEv
                0x00000000080029c4       0x40 ./Core/Src/modules/comms/RemoraComms.o
                0x00000000080029c4                RemoraComms::update()
 .text._ZN11RemoraCommsC2Ev
                0x0000000008002a04       0x60 ./Core/Src/modules/comms/RemoraComms.o
                0x0000000008002a04                RemoraComms::RemoraComms()
                0x0000000008002a04                RemoraComms::RemoraComms()
 .text._ZN11RemoraComms12dataReceivedEv
                0x0000000008002a64        0x6 ./Core/Src/modules/comms/RemoraComms.o
                0x0000000008002a64                RemoraComms::dataReceived()
 .text._ZN11RemoraComms9getStatusEv
                0x0000000008002a6a        0x4 ./Core/Src/modules/comms/RemoraComms.o
                0x0000000008002a6a                RemoraComms::getStatus()
 .text._ZN10DigitalPin10slowUpdateEv
                0x0000000008002a6e        0x2 ./Core/Src/modules/digitalPin/digitalPin.o
                0x0000000008002a6e                DigitalPin::slowUpdate()
 .text._ZN10DigitalPinD2Ev
                0x0000000008002a70       0x1c ./Core/Src/modules/digitalPin/digitalPin.o
                0x0000000008002a70                DigitalPin::~DigitalPin()
                0x0000000008002a70                DigitalPin::~DigitalPin()
 .text._ZN10DigitalPinD0Ev
                0x0000000008002a8c       0x14 ./Core/Src/modules/digitalPin/digitalPin.o
                0x0000000008002a8c                DigitalPin::~DigitalPin()
 .text._ZN10DigitalPin6updateEv
                0x0000000008002aa0       0x5e ./Core/Src/modules/digitalPin/digitalPin.o
                0x0000000008002aa0                DigitalPin::update()
 *fill*         0x0000000008002afe        0x2 
 .text._ZNSt7__cxx1112basic_stringIcSt11char_traitsIcESaIcEEC2EPKcRKS3_.isra.0
                0x0000000008002b00       0x54 ./Core/Src/modules/digitalPin/digitalPin.o
 .text._ZN10DigitalPinC2ERVmiNSt7__cxx1112basic_stringIcSt11char_traitsIcESaIcEEEibi
                0x0000000008002b54       0x68 ./Core/Src/modules/digitalPin/digitalPin.o
                0x0000000008002b54                DigitalPin::DigitalPin(unsigned long volatile&, int, std::__cxx11::basic_string<char, std::char_traits<char>, std::allocator<char> >, int, bool, int)
                0x0000000008002b54                DigitalPin::DigitalPin(unsigned long volatile&, int, std::__cxx11::basic_string<char, std::char_traits<char>, std::allocator<char> >, int, bool, int)
 .text._ZN19ArduinoJson6101_1109variantAsIPKcEENS_9enable_ifIXoosrNS_7is_sameIT_S2_EE5valuesrNS4_IS5_PcEE5valueES2_E4typeEPKNS_11VariantDataE
                0x0000000008002bbc       0x16 ./Core/Src/modules/digitalPin/digitalPin.o
                0x0000000008002bbc                ArduinoJson6101_110::enable_if<ArduinoJson6101_110::is_same<char const*, char const*>::value||ArduinoJson6101_110::is_same<char const*, char*>::value, char const*>::type ArduinoJson6101_110::variantAs<char const*>(ArduinoJson6101_110::VariantData const*)
 *fill*         0x0000000008002bd2        0x6 
 .text._Z16createDigitalPinv
                0x0000000008002bd8      0x27c ./Core/Src/modules/digitalPin/digitalPin.o
                0x0000000008002bd8                createDigitalPin()
 .text._ZN6ModuleD2Ev
                0x0000000008002e54        0x2 ./Core/Src/modules/module.o
                0x0000000008002e54                Module::~Module()
                0x0000000008002e54                Module::~Module()
 .text._ZN6Module6updateEv
                0x0000000008002e56        0x2 ./Core/Src/modules/module.o
                0x0000000008002e56                Module::update()
                0x0000000008002e56                Module::handleInterrupt()
                0x0000000008002e56                Module::slowUpdate()
                0x0000000008002e56                Module::configure()
                0x0000000008002e56                Module::updatePost()
 .text._ZN6ModuleD0Ev
                0x0000000008002e58        0xe ./Core/Src/modules/module.o
                0x0000000008002e58                Module::~Module()
 *fill*         0x0000000008002e66        0x2 
 .text._ZN6ModuleC2Ev
                0x0000000008002e68       0x24 ./Core/Src/modules/module.o
                0x0000000008002e68                Module::Module()
                0x0000000008002e68                Module::Module()
 .text._ZN6Module9runModuleEv
                0x0000000008002e8c       0x26 ./Core/Src/modules/module.o
                0x0000000008002e8c                Module::runModule()
 .text._ZN6Module13runModulePostEv
                0x0000000008002eb2        0x6 ./Core/Src/modules/module.o
                0x0000000008002eb2                Module::runModulePost()
 .text._ZN15ModuleInterrupt11ISR_HandlerEv
                0x0000000008002eb8        0x8 ./Core/Src/modules/moduleInterrupt.o
                0x0000000008002eb8                ModuleInterrupt::ISR_Handler()
 .text._ZN15ModuleInterruptC2EiP6Module
                0x0000000008002ec0       0x24 ./Core/Src/modules/moduleInterrupt.o
                0x0000000008002ec0                ModuleInterrupt::ModuleInterrupt(int, Module*)
                0x0000000008002ec0                ModuleInterrupt::ModuleInterrupt(int, Module*)
 .text._ZN5NVMPG10slowUpdateEv
                0x0000000008002ee4        0x2 ./Core/Src/modules/nvmpg/nvmpg.o
                0x0000000008002ee4                NVMPG::slowUpdate()
 .text._ZN5NVMPG9configureEv
                0x0000000008002ee6        0x8 ./Core/Src/modules/nvmpg/nvmpg.o
                0x0000000008002ee6                NVMPG::configure()
 .text._ZN5NVMPG15handleInterruptEv
                0x0000000008002eee       0x22 ./Core/Src/modules/nvmpg/nvmpg.o
                0x0000000008002eee                NVMPG::handleInterrupt()
 .text._ZN5NVMPGD2Ev
                0x0000000008002f10       0x14 ./Core/Src/modules/nvmpg/nvmpg.o
                0x0000000008002f10                NVMPG::~NVMPG()
                0x0000000008002f10                NVMPG::~NVMPG()
 .text._ZN5NVMPGD0Ev
                0x0000000008002f24       0x16 ./Core/Src/modules/nvmpg/nvmpg.o
                0x0000000008002f24                NVMPG::~NVMPG()
 .text._ZN5NVMPG6updateEv
                0x0000000008002f3a       0x76 ./Core/Src/modules/nvmpg/nvmpg.o
                0x0000000008002f3a                NVMPG::update()
 .text._ZN5NVMPGC2ERV9mpgData_tRVt
                0x0000000008002fb0      0x1ac ./Core/Src/modules/nvmpg/nvmpg.o
                0x0000000008002fb0                NVMPG::NVMPG(mpgData_t volatile&, unsigned short volatile&)
                0x0000000008002fb0                NVMPG::NVMPG(mpgData_t volatile&, unsigned short volatile&)
 .text._Z11createNVMPGv
                0x000000000800315c       0x8c ./Core/Src/modules/nvmpg/nvmpg.o
                0x000000000800315c                createNVMPG()
 .text._ZN10SpindlePWM10slowUpdateEv
                0x00000000080031e8        0x2 ./Core/Src/modules/pwm/spindlePwm.o
                0x00000000080031e8                SpindlePWM::slowUpdate()
 *fill*         0x00000000080031ea        0x2 
 .text._ZN10SpindlePWMD2Ev
                0x00000000080031ec       0x14 ./Core/Src/modules/pwm/spindlePwm.o
                0x00000000080031ec                SpindlePWM::~SpindlePWM()
                0x00000000080031ec                SpindlePWM::~SpindlePWM()
 .text._ZN10SpindlePWMD0Ev
                0x0000000008003200       0x14 ./Core/Src/modules/pwm/spindlePwm.o
                0x0000000008003200                SpindlePWM::~SpindlePWM()
 .text._ZN10SpindlePWM6updateEv
                0x0000000008003214       0xa4 ./Core/Src/modules/pwm/spindlePwm.o
                0x0000000008003214                SpindlePWM::update()
 .text._ZNK19ArduinoJson6101_11014CollectionData7getSlotINS_21ConstRamStringAdapterEEEPNS_11VariantSlotET_.isra.0
                0x00000000080032b8       0x36 ./Core/Src/modules/pwm/spindlePwm.o
 *fill*         0x00000000080032ee        0x2 
 .text._ZN10SpindlePWMC2ERVf
                0x00000000080032f0       0xe0 ./Core/Src/modules/pwm/spindlePwm.o
                0x00000000080032f0                SpindlePWM::SpindlePWM(float volatile&)
                0x00000000080032f0                SpindlePWM::SpindlePWM(float volatile&)
 .text._Z16createSpindlePWMv
                0x00000000080033d0      0x158 ./Core/Src/modules/pwm/spindlePwm.o
                0x00000000080033d0                createSpindlePWM()
 .text._ZN7Stepgen10slowUpdateEv
                0x0000000008003528        0x2 ./Core/Src/modules/stepgen/stepgen.o
                0x0000000008003528                Stepgen::slowUpdate()
 *fill*         0x000000000800352a        0x2 
 .text._ZN7StepgenD2Ev
                0x000000000800352c       0x24 ./Core/Src/modules/stepgen/stepgen.o
                0x000000000800352c                Stepgen::~Stepgen()
                0x000000000800352c                Stepgen::~Stepgen()
 .text._ZN7StepgenD0Ev
                0x0000000008003550       0x14 ./Core/Src/modules/stepgen/stepgen.o
                0x0000000008003550                Stepgen::~Stepgen()
 .text._ZNSt7__cxx1112basic_stringIcSt11char_traitsIcESaIcEEC2EPKcRKS3_.isra.0
                0x0000000008003564       0x54 ./Core/Src/modules/stepgen/stepgen.o
 .text._ZN7StepgenC2EliNSt7__cxx1112basic_stringIcSt11char_traitsIcESaIcEEES5_iRVlS7_RVh
                0x00000000080035b8       0xbc ./Core/Src/modules/stepgen/stepgen.o
                0x00000000080035b8                Stepgen::Stepgen(long, int, std::__cxx11::basic_string<char, std::char_traits<char>, std::allocator<char> >, std::__cxx11::basic_string<char, std::char_traits<char>, std::allocator<char> >, int, long volatile&, long volatile&, unsigned char volatile&)
                0x00000000080035b8                Stepgen::Stepgen(long, int, std::__cxx11::basic_string<char, std::char_traits<char>, std::allocator<char> >, std::__cxx11::basic_string<char, std::char_traits<char>, std::allocator<char> >, int, long volatile&, long volatile&, unsigned char volatile&)
 .text._ZN7Stepgen10makePulsesEv
                0x0000000008003674       0x8e ./Core/Src/modules/stepgen/stepgen.o
                0x0000000008003674                Stepgen::makePulses()
 .text._ZN7Stepgen6updateEv
                0x0000000008003702        0x4 ./Core/Src/modules/stepgen/stepgen.o
                0x0000000008003702                Stepgen::update()
 .text._ZN7Stepgen10stopPulsesEv
                0x0000000008003706       0x18 ./Core/Src/modules/stepgen/stepgen.o
                0x0000000008003706                Stepgen::stopPulses()
 .text._ZN7Stepgen10updatePostEv
                0x000000000800371e        0x4 ./Core/Src/modules/stepgen/stepgen.o
                0x000000000800371e                Stepgen::updatePost()
 *fill*         0x0000000008003722        0x6 
 .text._Z13createStepgenv
                0x0000000008003728      0x1a0 ./Core/Src/modules/stepgen/stepgen.o
                0x0000000008003728                createStepgen()
 .text._ZN9pruThreadC2EP11TIM_TypeDef9IRQn_Typem
                0x00000000080038c8       0x2c ./Core/Src/thread/pruThread.o
                0x00000000080038c8                pruThread::pruThread(TIM_TypeDef*, IRQn_Type, unsigned long)
                0x00000000080038c8                pruThread::pruThread(TIM_TypeDef*, IRQn_Type, unsigned long)
 .text._ZN9pruThread11startThreadEv
                0x00000000080038f4       0x20 ./Core/Src/thread/pruThread.o
                0x00000000080038f4                pruThread::startThread()
 .text._ZN9pruThread3runEv
                0x0000000008003914       0x3a ./Core/Src/thread/pruThread.o
                0x0000000008003914                pruThread::run()
 *fill*         0x000000000800394e        0x2 
 .text._ZNSt6vectorIP6ModuleSaIS1_EE17_M_realloc_insertIJRKS1_EEEvN9__gnu_cxx17__normal_iteratorIPS1_S3_EEDpOT_
                0x0000000008003950       0x9c ./Core/Src/thread/pruThread.o
                0x0000000008003950                void std::vector<Module*, std::allocator<Module*> >::_M_realloc_insert<Module* const&>(__gnu_cxx::__normal_iterator<Module**, std::vector<Module*, std::allocator<Module*> > >, Module* const&)
 .text._ZNSt6vectorIP6ModuleSaIS1_EE9push_backERKS1_
                0x00000000080039ec       0x1c ./Core/Src/thread/pruThread.o
                0x00000000080039ec                std::vector<Module*, std::allocator<Module*> >::push_back(Module* const&)
 .text._ZN9pruThread14registerModuleEP6Module
                0x0000000008003a08       0x12 ./Core/Src/thread/pruThread.o
                0x0000000008003a08                pruThread::registerModule(Module*)
 .text._ZN9pruThread18registerModulePostEP6Module
                0x0000000008003a1a       0x16 ./Core/Src/thread/pruThread.o
                0x0000000008003a1a                pruThread::registerModulePost(Module*)
 .text._ZN8pruTimer9timerTickEv
                0x0000000008003a30        0x6 ./Core/Src/thread/timer.o
                0x0000000008003a30                pruTimer::timerTick()
 *fill*         0x0000000008003a36        0x2 
 .text._ZN8pruTimer10startTimerEv
                0x0000000008003a38       0xbc ./Core/Src/thread/timer.o
                0x0000000008003a38                pruTimer::startTimer()
 .text._ZN8pruTimerC2EP11TIM_TypeDef9IRQn_TypemP9pruThread
                0x0000000008003af4       0x2c ./Core/Src/thread/timer.o
                0x0000000008003af4                pruTimer::pruTimer(TIM_TypeDef*, IRQn_Type, unsigned long, pruThread*)
                0x0000000008003af4                pruTimer::pruTimer(TIM_TypeDef*, IRQn_Type, unsigned long, pruThread*)
 .text._ZN14TimerInterrupt11ISR_HandlerEv
                0x0000000008003b20        0x6 ./Core/Src/thread/timerInterrupt.o
                0x0000000008003b20                TimerInterrupt::ISR_Handler()
 *fill*         0x0000000008003b26        0x2 
 .text._ZN14TimerInterruptC2EiP8pruTimer
                0x0000000008003b28       0x24 ./Core/Src/thread/timerInterrupt.o
                0x0000000008003b28                TimerInterrupt::TimerInterrupt(int, pruTimer*)
                0x0000000008003b28                TimerInterrupt::TimerInterrupt(int, pruTimer*)
 .text.Reset_Handler
                0x0000000008003b4c       0x50 ./Core/Startup/startup_stm32f407vetx.o
                0x0000000008003b4c                Reset_Handler
 .text.Default_Handler
                0x0000000008003b9c        0x2 ./Core/Startup/startup_stm32f407vetx.o
                0x0000000008003b9c                RTC_Alarm_IRQHandler
                0x0000000008003b9c                HASH_RNG_IRQHandler
                0x0000000008003b9c                EXTI2_IRQHandler
                0x0000000008003b9c                TIM8_CC_IRQHandler
                0x0000000008003b9c                TIM1_CC_IRQHandler
                0x0000000008003b9c                DMA2_Stream5_IRQHandler
                0x0000000008003b9c                DMA1_Stream5_IRQHandler
                0x0000000008003b9c                PVD_IRQHandler
                0x0000000008003b9c                SDIO_IRQHandler
                0x0000000008003b9c                TAMP_STAMP_IRQHandler
                0x0000000008003b9c                CAN2_RX1_IRQHandler
                0x0000000008003b9c                EXTI3_IRQHandler
                0x0000000008003b9c                TIM8_TRG_COM_TIM14_IRQHandler
                0x0000000008003b9c                TIM8_UP_TIM13_IRQHandler
                0x0000000008003b9c                I2C3_ER_IRQHandler
                0x0000000008003b9c                EXTI0_IRQHandler
                0x0000000008003b9c                I2C2_EV_IRQHandler
                0x0000000008003b9c                DMA1_Stream2_IRQHandler
                0x0000000008003b9c                CAN1_RX0_IRQHandler
                0x0000000008003b9c                FPU_IRQHandler
                0x0000000008003b9c                OTG_HS_WKUP_IRQHandler
                0x0000000008003b9c                CAN2_SCE_IRQHandler
                0x0000000008003b9c                DMA2_Stream2_IRQHandler
                0x0000000008003b9c                SPI1_IRQHandler
                0x0000000008003b9c                TIM6_DAC_IRQHandler
                0x0000000008003b9c                DCMI_IRQHandler
                0x0000000008003b9c                CAN2_RX0_IRQHandler
                0x0000000008003b9c                DMA2_Stream3_IRQHandler
                0x0000000008003b9c                USART6_IRQHandler
                0x0000000008003b9c                USART3_IRQHandler
                0x0000000008003b9c                CAN1_RX1_IRQHandler
                0x0000000008003b9c                UART5_IRQHandler
                0x0000000008003b9c                DMA2_Stream0_IRQHandler
                0x0000000008003b9c                TIM4_IRQHandler
                0x0000000008003b9c                I2C1_EV_IRQHandler
                0x0000000008003b9c                DMA1_Stream6_IRQHandler
                0x0000000008003b9c                DMA1_Stream1_IRQHandler
                0x0000000008003b9c                UART4_IRQHandler
                0x0000000008003b9c                TIM3_IRQHandler
                0x0000000008003b9c                RCC_IRQHandler
                0x0000000008003b9c                TIM8_BRK_TIM12_IRQHandler
                0x0000000008003b9c                Default_Handler
                0x0000000008003b9c                EXTI15_10_IRQHandler
                0x0000000008003b9c                ADC_IRQHandler
                0x0000000008003b9c                DMA1_Stream7_IRQHandler
                0x0000000008003b9c                TIM7_IRQHandler
                0x0000000008003b9c                CAN2_TX_IRQHandler
                0x0000000008003b9c                TIM5_IRQHandler
                0x0000000008003b9c                DMA2_Stream7_IRQHandler
                0x0000000008003b9c                I2C3_EV_IRQHandler
                0x0000000008003b9c                EXTI9_5_IRQHandler
                0x0000000008003b9c                RTC_WKUP_IRQHandler
                0x0000000008003b9c                ETH_WKUP_IRQHandler
                0x0000000008003b9c                SPI2_IRQHandler
                0x0000000008003b9c                OTG_HS_EP1_IN_IRQHandler
                0x0000000008003b9c                DMA1_Stream0_IRQHandler
                0x0000000008003b9c                CAN1_TX_IRQHandler
                0x0000000008003b9c                EXTI4_IRQHandler
                0x0000000008003b9c                FSMC_IRQHandler
                0x0000000008003b9c                ETH_IRQHandler
                0x0000000008003b9c                OTG_HS_EP1_OUT_IRQHandler
                0x0000000008003b9c                WWDG_IRQHandler
                0x0000000008003b9c                TIM2_IRQHandler
                0x0000000008003b9c                OTG_FS_WKUP_IRQHandler
                0x0000000008003b9c                TIM1_TRG_COM_TIM11_IRQHandler
                0x0000000008003b9c                OTG_HS_IRQHandler
                0x0000000008003b9c                EXTI1_IRQHandler
                0x0000000008003b9c                USART2_IRQHandler
                0x0000000008003b9c                I2C2_ER_IRQHandler
                0x0000000008003b9c                DMA2_Stream1_IRQHandler
                0x0000000008003b9c                CAN1_SCE_IRQHandler
                0x0000000008003b9c                FLASH_IRQHandler
                0x0000000008003b9c                DMA2_Stream4_IRQHandler
                0x0000000008003b9c                USART1_IRQHandler
                0x0000000008003b9c                OTG_FS_IRQHandler
                0x0000000008003b9c                SPI3_IRQHandler
                0x0000000008003b9c                DMA1_Stream4_IRQHandler
                0x0000000008003b9c                I2C1_ER_IRQHandler
                0x0000000008003b9c                DMA2_Stream6_IRQHandler
                0x0000000008003b9c                DMA1_Stream3_IRQHandler
 *fill*         0x0000000008003b9e        0x2 
 .text.HAL_InitTick
                0x0000000008003ba0       0x48 ./Drivers/STM32F4xx_HAL_Driver/Src/stm32f4xx_hal.o
                0x0000000008003ba0                HAL_InitTick
 .text.HAL_Init
                0x0000000008003be8       0x34 ./Drivers/STM32F4xx_HAL_Driver/Src/stm32f4xx_hal.o
                0x0000000008003be8                HAL_Init
 .text.HAL_IncTick
                0x0000000008003c1c       0x18 ./Drivers/STM32F4xx_HAL_Driver/Src/stm32f4xx_hal.o
                0x0000000008003c1c                HAL_IncTick
 .text.HAL_GetTick
                0x0000000008003c34        0xc ./Drivers/STM32F4xx_HAL_Driver/Src/stm32f4xx_hal.o
                0x0000000008003c34                HAL_GetTick
 .text.HAL_Delay
                0x0000000008003c40       0x28 ./Drivers/STM32F4xx_HAL_Driver/Src/stm32f4xx_hal.o
                0x0000000008003c40                HAL_Delay
 .text.HAL_NVIC_SetPriorityGrouping
                0x0000000008003c68       0x24 ./Drivers/STM32F4xx_HAL_Driver/Src/stm32f4xx_hal_cortex.o
                0x0000000008003c68                HAL_NVIC_SetPriorityGrouping
 .text.HAL_NVIC_SetPriority
                0x0000000008003c8c       0x64 ./Drivers/STM32F4xx_HAL_Driver/Src/stm32f4xx_hal_cortex.o
                0x0000000008003c8c                HAL_NVIC_SetPriority
 .text.HAL_NVIC_EnableIRQ
                0x0000000008003cf0       0x1c ./Drivers/STM32F4xx_HAL_Driver/Src/stm32f4xx_hal_cortex.o
                0x0000000008003cf0                HAL_NVIC_EnableIRQ
 .text.HAL_NVIC_SystemReset
                0x0000000008003d0c       0x24 ./Drivers/STM32F4xx_HAL_Driver/Src/stm32f4xx_hal_cortex.o
                0x0000000008003d0c                HAL_NVIC_SystemReset
 .text.HAL_SYSTICK_Config
                0x0000000008003d30       0x2c ./Drivers/STM32F4xx_HAL_Driver/Src/stm32f4xx_hal_cortex.o
                0x0000000008003d30                HAL_SYSTICK_Config
 .text.DMA_CalcBaseAndBitshift
                0x0000000008003d5c       0x2c ./Drivers/STM32F4xx_HAL_Driver/Src/stm32f4xx_hal_dma.o
 .text.HAL_DMA_Init
                0x0000000008003d88      0x100 ./Drivers/STM32F4xx_HAL_Driver/Src/stm32f4xx_hal_dma.o
                0x0000000008003d88                HAL_DMA_Init
 .text.HAL_DMA_Start_IT
                0x0000000008003e88       0x74 ./Drivers/STM32F4xx_HAL_Driver/Src/stm32f4xx_hal_dma.o
                0x0000000008003e88                HAL_DMA_Start_IT
 .text.HAL_DMA_IRQHandler
                0x0000000008003efc      0x17c ./Drivers/STM32F4xx_HAL_Driver/Src/stm32f4xx_hal_dma.o
                0x0000000008003efc                HAL_DMA_IRQHandler
 .text.ETH_Delay.constprop.0
                0x0000000008004078       0x24 ./Drivers/STM32F4xx_HAL_Driver/Src/stm32f4xx_hal_eth.o
 .text.ETH_FlushTransmitFIFO
                0x000000000800409c       0x28 ./Drivers/STM32F4xx_HAL_Driver/Src/stm32f4xx_hal_eth.o
 .text.ETH_MACDMAConfig
                0x00000000080040c4       0xf4 ./Drivers/STM32F4xx_HAL_Driver/Src/stm32f4xx_hal_eth.o
 .text.HAL_ETH_DMATxDescListInit
                0x00000000080041b8       0x78 ./Drivers/STM32F4xx_HAL_Driver/Src/stm32f4xx_hal_eth.o
                0x00000000080041b8                HAL_ETH_DMATxDescListInit
 .text.HAL_ETH_DMARxDescListInit
                0x0000000008004230       0x74 ./Drivers/STM32F4xx_HAL_Driver/Src/stm32f4xx_hal_eth.o
                0x0000000008004230                HAL_ETH_DMARxDescListInit
 .text.HAL_ETH_TransmitFrame
                0x00000000080042a4       0xe8 ./Drivers/STM32F4xx_HAL_Driver/Src/stm32f4xx_hal_eth.o
                0x00000000080042a4                HAL_ETH_TransmitFrame
 .text.HAL_ETH_GetReceivedFrame
                0x000000000800438c       0x7e ./Drivers/STM32F4xx_HAL_Driver/Src/stm32f4xx_hal_eth.o
                0x000000000800438c                HAL_ETH_GetReceivedFrame
 .text.HAL_ETH_ReadPHYRegister
                0x000000000800440a       0x76 ./Drivers/STM32F4xx_HAL_Driver/Src/stm32f4xx_hal_eth.o
                0x000000000800440a                HAL_ETH_ReadPHYRegister
 .text.HAL_ETH_WritePHYRegister
                0x0000000008004480       0x70 ./Drivers/STM32F4xx_HAL_Driver/Src/stm32f4xx_hal_eth.o
                0x0000000008004480                HAL_ETH_WritePHYRegister
 .text.HAL_ETH_Init
                0x00000000080044f0      0x1f8 ./Drivers/STM32F4xx_HAL_Driver/Src/stm32f4xx_hal_eth.o
                0x00000000080044f0                HAL_ETH_Init
 .text.HAL_ETH_Start
                0x00000000080046e8       0x74 ./Drivers/STM32F4xx_HAL_Driver/Src/stm32f4xx_hal_eth.o
                0x00000000080046e8                HAL_ETH_Start
 .text.HAL_ETH_Stop
                0x000000000800475c       0x74 ./Drivers/STM32F4xx_HAL_Driver/Src/stm32f4xx_hal_eth.o
                0x000000000800475c                HAL_ETH_Stop
 .text.HAL_ETH_ConfigMAC
                0x00000000080047d0      0x118 ./Drivers/STM32F4xx_HAL_Driver/Src/stm32f4xx_hal_eth.o
                0x00000000080047d0                HAL_ETH_ConfigMAC
 .text.FLASH_Program_DoubleWord
                0x00000000080048e8       0x2c ./Drivers/STM32F4xx_HAL_Driver/Src/stm32f4xx_hal_flash.o
 .text.FLASH_Program_Word
                0x0000000008004914       0x24 ./Drivers/STM32F4xx_HAL_Driver/Src/stm32f4xx_hal_flash.o
 .text.FLASH_Program_HalfWord
                0x0000000008004938       0x24 ./Drivers/STM32F4xx_HAL_Driver/Src/stm32f4xx_hal_flash.o
 .text.FLASH_SetErrorCode
                0x000000000800495c       0x74 ./Drivers/STM32F4xx_HAL_Driver/Src/stm32f4xx_hal_flash.o
 .text.HAL_FLASH_Unlock
                0x00000000080049d0       0x24 ./Drivers/STM32F4xx_HAL_Driver/Src/stm32f4xx_hal_flash.o
                0x00000000080049d0                HAL_FLASH_Unlock
 .text.FLASH_WaitForLastOperation
                0x00000000080049f4       0x54 ./Drivers/STM32F4xx_HAL_Driver/Src/stm32f4xx_hal_flash.o
                0x00000000080049f4                FLASH_WaitForLastOperation
 .text.HAL_FLASH_Program
                0x0000000008004a48       0x8c ./Drivers/STM32F4xx_HAL_Driver/Src/stm32f4xx_hal_flash.o
                0x0000000008004a48                HAL_FLASH_Program
 .text.FLASH_MassErase.isra.0
                0x0000000008004ad4       0x24 ./Drivers/STM32F4xx_HAL_Driver/Src/stm32f4xx_hal_flash_ex.o
 .text.FLASH_Erase_Sector
                0x0000000008004af8       0x4c ./Drivers/STM32F4xx_HAL_Driver/Src/stm32f4xx_hal_flash_ex.o
                0x0000000008004af8                FLASH_Erase_Sector
 .text.FLASH_FlushCaches
                0x0000000008004b44       0x58 ./Drivers/STM32F4xx_HAL_Driver/Src/stm32f4xx_hal_flash_ex.o
                0x0000000008004b44                FLASH_FlushCaches
 .text.HAL_FLASHEx_Erase
                0x0000000008004b9c       0x9c ./Drivers/STM32F4xx_HAL_Driver/Src/stm32f4xx_hal_flash_ex.o
                0x0000000008004b9c                HAL_FLASHEx_Erase
 .text.HAL_GPIO_Init
                0x0000000008004c38      0x1b4 ./Drivers/STM32F4xx_HAL_Driver/Src/stm32f4xx_hal_gpio.o
                0x0000000008004c38                HAL_GPIO_Init
 .text.HAL_GPIO_ReadPin
                0x0000000008004dec        0xc ./Drivers/STM32F4xx_HAL_Driver/Src/stm32f4xx_hal_gpio.o
                0x0000000008004dec                HAL_GPIO_ReadPin
 .text.HAL_GPIO_WritePin
                0x0000000008004df8        0xa ./Drivers/STM32F4xx_HAL_Driver/Src/stm32f4xx_hal_gpio.o
                0x0000000008004df8                HAL_GPIO_WritePin
 *fill*         0x0000000008004e02        0x2 
 .text.HAL_RCC_OscConfig
                0x0000000008004e04      0x358 ./Drivers/STM32F4xx_HAL_Driver/Src/stm32f4xx_hal_rcc.o
                0x0000000008004e04                HAL_RCC_OscConfig
 .text.HAL_RCC_GetSysClockFreq
                0x000000000800515c       0x5c ./Drivers/STM32F4xx_HAL_Driver/Src/stm32f4xx_hal_rcc.o
                0x000000000800515c                HAL_RCC_GetSysClockFreq
 .text.HAL_RCC_ClockConfig
                0x00000000080051b8      0x138 ./Drivers/STM32F4xx_HAL_Driver/Src/stm32f4xx_hal_rcc.o
                0x00000000080051b8                HAL_RCC_ClockConfig
 .text.HAL_RCC_GetHCLKFreq
                0x00000000080052f0        0xc ./Drivers/STM32F4xx_HAL_Driver/Src/stm32f4xx_hal_rcc.o
                0x00000000080052f0                HAL_RCC_GetHCLKFreq
 .text.HAL_RCC_GetPCLK1Freq
                0x00000000080052fc       0x20 ./Drivers/STM32F4xx_HAL_Driver/Src/stm32f4xx_hal_rcc.o
                0x00000000080052fc                HAL_RCC_GetPCLK1Freq
 .text.HAL_RCC_GetPCLK2Freq
                0x000000000800531c       0x20 ./Drivers/STM32F4xx_HAL_Driver/Src/stm32f4xx_hal_rcc.o
                0x000000000800531c                HAL_RCC_GetPCLK2Freq
 .text.TIM_OC1_SetConfig
                0x000000000800533c       0x64 ./Drivers/STM32F4xx_HAL_Driver/Src/stm32f4xx_hal_tim.o
 .text.TIM_OC3_SetConfig
                0x00000000080053a0       0x6c ./Drivers/STM32F4xx_HAL_Driver/Src/stm32f4xx_hal_tim.o
 .text.TIM_OC4_SetConfig
                0x000000000800540c       0x4c ./Drivers/STM32F4xx_HAL_Driver/Src/stm32f4xx_hal_tim.o
 .text.HAL_TIM_PWM_MspInit
                0x0000000008005458        0x2 ./Drivers/STM32F4xx_HAL_Driver/Src/stm32f4xx_hal_tim.o
                0x0000000008005458                HAL_TIM_PWM_MspInit
 *fill*         0x000000000800545a        0x2 
 .text.TIM_Base_SetConfig
                0x000000000800545c       0xcc ./Drivers/STM32F4xx_HAL_Driver/Src/stm32f4xx_hal_tim.o
                0x000000000800545c                TIM_Base_SetConfig
 .text.HAL_TIM_PWM_Init
                0x0000000008005528       0x58 ./Drivers/STM32F4xx_HAL_Driver/Src/stm32f4xx_hal_tim.o
                0x0000000008005528                HAL_TIM_PWM_Init
 .text.TIM_OC2_SetConfig
                0x0000000008005580       0x6c ./Drivers/STM32F4xx_HAL_Driver/Src/stm32f4xx_hal_tim.o
                0x0000000008005580                TIM_OC2_SetConfig
 .text.HAL_TIM_PWM_ConfigChannel
                0x00000000080055ec       0xbc ./Drivers/STM32F4xx_HAL_Driver/Src/stm32f4xx_hal_tim.o
                0x00000000080055ec                HAL_TIM_PWM_ConfigChannel
 .text.TIM_CCxChannelCmd
                0x00000000080056a8       0x1c ./Drivers/STM32F4xx_HAL_Driver/Src/stm32f4xx_hal_tim.o
                0x00000000080056a8                TIM_CCxChannelCmd
 .text.HAL_TIM_OC_Start
                0x00000000080056c4       0xcc ./Drivers/STM32F4xx_HAL_Driver/Src/stm32f4xx_hal_tim.o
                0x00000000080056c4                HAL_TIM_OC_Start
 .text.HAL_TIM_PWM_Start
                0x0000000008005790        0x4 ./Drivers/STM32F4xx_HAL_Driver/Src/stm32f4xx_hal_tim.o
                0x0000000008005790                HAL_TIM_PWM_Start
 .text.HAL_TIMEx_MasterConfigSynchronization
                0x0000000008005794       0x7c ./Drivers/STM32F4xx_HAL_Driver/Src/stm32f4xx_hal_tim_ex.o
                0x0000000008005794                HAL_TIMEx_MasterConfigSynchronization
 .text.UART_EndRxTransfer
                0x0000000008005810       0x5c ./Drivers/STM32F4xx_HAL_Driver/Src/stm32f4xx_hal_uart.o
 .text.UART_SetConfig
                0x000000000800586c       0xbc ./Drivers/STM32F4xx_HAL_Driver/Src/stm32f4xx_hal_uart.o
 .text.UART_WaitOnFlagUntilTimeout.constprop.0
                0x0000000008005928       0x6c ./Drivers/STM32F4xx_HAL_Driver/Src/stm32f4xx_hal_uart.o
 .text.HAL_UART_Init
                0x0000000008005994       0x5c ./Drivers/STM32F4xx_HAL_Driver/Src/stm32f4xx_hal_uart.o
                0x0000000008005994                HAL_UART_Init
 .text.HAL_UART_Transmit
                0x00000000080059f0       0xaa ./Drivers/STM32F4xx_HAL_Driver/Src/stm32f4xx_hal_uart.o
                0x00000000080059f0                HAL_UART_Transmit
 *fill*         0x0000000008005a9a        0x2 
 .text.HAL_UART_Transmit_DMA
                0x0000000008005a9c       0x84 ./Drivers/STM32F4xx_HAL_Driver/Src/stm32f4xx_hal_uart.o
                0x0000000008005a9c                HAL_UART_Transmit_DMA
 .text.HAL_UART_TxCpltCallback
                0x0000000008005b20        0x2 ./Drivers/STM32F4xx_HAL_Driver/Src/stm32f4xx_hal_uart.o
                0x0000000008005b20                HAL_UART_TxCpltCallback
 .text.UART_DMATransmitCplt
                0x0000000008005b22       0x4c ./Drivers/STM32F4xx_HAL_Driver/Src/stm32f4xx_hal_uart.o
 .text.HAL_UART_TxHalfCpltCallback
                0x0000000008005b6e        0x2 ./Drivers/STM32F4xx_HAL_Driver/Src/stm32f4xx_hal_uart.o
                0x0000000008005b6e                HAL_UART_TxHalfCpltCallback
 .text.UART_DMATxHalfCplt
                0x0000000008005b70        0xa ./Drivers/STM32F4xx_HAL_Driver/Src/stm32f4xx_hal_uart.o
 .text.HAL_UART_RxCpltCallback
                0x0000000008005b7a        0x2 ./Drivers/STM32F4xx_HAL_Driver/Src/stm32f4xx_hal_uart.o
                0x0000000008005b7a                HAL_UART_RxCpltCallback
 .text.HAL_UART_RxHalfCpltCallback
                0x0000000008005b7c        0x2 ./Drivers/STM32F4xx_HAL_Driver/Src/stm32f4xx_hal_uart.o
                0x0000000008005b7c                HAL_UART_RxHalfCpltCallback
 .text.HAL_UART_ErrorCallback
                0x0000000008005b7e        0x2 ./Drivers/STM32F4xx_HAL_Driver/Src/stm32f4xx_hal_uart.o
                0x0000000008005b7e                HAL_UART_ErrorCallback
 .text.UART_DMAError
                0x0000000008005b80       0x5a ./Drivers/STM32F4xx_HAL_Driver/Src/stm32f4xx_hal_uart.o
 .text.HAL_UARTEx_RxEventCallback
                0x0000000008005bda        0x2 ./Drivers/STM32F4xx_HAL_Driver/Src/stm32f4xx_hal_uart.o
                0x0000000008005bda                HAL_UARTEx_RxEventCallback
 .text.UART_DMARxHalfCplt
                0x0000000008005bdc       0x1a ./Drivers/STM32F4xx_HAL_Driver/Src/stm32f4xx_hal_uart.o
 .text.UART_DMAReceiveCplt
                0x0000000008005bf6       0x94 ./Drivers/STM32F4xx_HAL_Driver/Src/stm32f4xx_hal_uart.o
 *fill*         0x0000000008005c8a        0x2 
 .text.UART_Start_Receive_DMA
                0x0000000008005c8c       0x98 ./Drivers/STM32F4xx_HAL_Driver/Src/stm32f4xx_hal_uart.o
                0x0000000008005c8c                UART_Start_Receive_DMA
 .text.HAL_UART_Receive_DMA
                0x0000000008005d24       0x30 ./Drivers/STM32F4xx_HAL_Driver/Src/stm32f4xx_hal_uart.o
                0x0000000008005d24                HAL_UART_Receive_DMA
 .text.MX_LWIP_Init
                0x0000000008005d54       0xa4 ./LWIP/App/lwip.o
                0x0000000008005d54                MX_LWIP_Init
 .text.low_level_output
                0x0000000008005df8       0xa0 ./LWIP/Target/ethernetif.o
 .text.HAL_ETH_MspInit
                0x0000000008005e98       0xf0 ./LWIP/Target/ethernetif.o
                0x0000000008005e98                HAL_ETH_MspInit
 .text.ethernetif_input
                0x0000000008005f88       0xe0 ./LWIP/Target/ethernetif.o
                0x0000000008005f88                ethernetif_input
 .text.ethernetif_init
                0x0000000008006068      0x120 ./LWIP/Target/ethernetif.o
                0x0000000008006068                ethernetif_init
 .text.sys_now  0x0000000008006188        0x4 ./LWIP/Target/ethernetif.o
                0x0000000008006188                sys_now
 .text.ethernetif_notify_conn_changed
                0x000000000800618c        0x2 ./LWIP/Target/ethernetif.o
                0x000000000800618c                ethernetif_notify_conn_changed
 *fill*         0x000000000800618e        0x2 
 .text.ethernetif_update_config
                0x0000000008006190       0xa8 ./LWIP/Target/ethernetif.o
                0x0000000008006190                ethernetif_update_config
 .text.lwip_htons
                0x0000000008006238        0x6 ./Middlewares/Third_Party/LwIP/src/core/def.o
                0x0000000008006238                lwip_htons
 .text.lwip_htonl
                0x000000000800623e        0x4 ./Middlewares/Third_Party/LwIP/src/core/def.o
                0x000000000800623e                lwip_htonl
 .text.lwip_init
                0x0000000008006242       0x1e ./Middlewares/Third_Party/LwIP/src/core/init.o
                0x0000000008006242                lwip_init
 .text.mem_init
                0x0000000008006260       0x44 ./Middlewares/Third_Party/LwIP/src/core/mem.o
                0x0000000008006260                mem_init
 .text.mem_free
                0x00000000080062a4      0x170 ./Middlewares/Third_Party/LwIP/src/core/mem.o
                0x00000000080062a4                mem_free
 .text.mem_trim
                0x0000000008006414      0x148 ./Middlewares/Third_Party/LwIP/src/core/mem.o
                0x0000000008006414                mem_trim
 .text.mem_malloc
                0x000000000800655c      0x140 ./Middlewares/Third_Party/LwIP/src/core/mem.o
                0x000000000800655c                mem_malloc
 .text.do_memp_malloc_pool.isra.0
                0x000000000800669c       0x2c ./Middlewares/Third_Party/LwIP/src/core/memp.o
 .text.do_memp_free_pool.isra.0
                0x00000000080066c8       0x30 ./Middlewares/Third_Party/LwIP/src/core/memp.o
 .text.memp_init_pool
                0x00000000080066f8       0x26 ./Middlewares/Third_Party/LwIP/src/core/memp.o
                0x00000000080066f8                memp_init_pool
 *fill*         0x000000000800671e        0x2 
 .text.memp_init
                0x0000000008006720       0x1c ./Middlewares/Third_Party/LwIP/src/core/memp.o
                0x0000000008006720                memp_init
 .text.memp_malloc
                0x000000000800673c       0x38 ./Middlewares/Third_Party/LwIP/src/core/memp.o
                0x000000000800673c                memp_malloc
 .text.memp_free
                0x0000000008006774       0x34 ./Middlewares/Third_Party/LwIP/src/core/memp.o
                0x0000000008006774                memp_free
 .text.netif_null_output_ip4
                0x00000000080067a8        0x6 ./Middlewares/Third_Party/LwIP/src/core/netif.o
 *fill*         0x00000000080067ae        0x2 
 .text.netif_issue_reports
                0x00000000080067b0       0x48 ./Middlewares/Third_Party/LwIP/src/core/netif.o
 .text.netif_do_set_ipaddr
                0x00000000080067f8       0x58 ./Middlewares/Third_Party/LwIP/src/core/netif.o
 .text.netif_init
                0x0000000008006850        0x2 ./Middlewares/Third_Party/LwIP/src/core/netif.o
                0x0000000008006850                netif_init
 *fill*         0x0000000008006852        0x2 
 .text.netif_set_addr
                0x0000000008006854       0x58 ./Middlewares/Third_Party/LwIP/src/core/netif.o
                0x0000000008006854                netif_set_addr
 .text.netif_add
                0x00000000080068ac      0x12c ./Middlewares/Third_Party/LwIP/src/core/netif.o
                0x00000000080068ac                netif_add
 .text.netif_set_default
                0x00000000080069d8        0xc ./Middlewares/Third_Party/LwIP/src/core/netif.o
                0x00000000080069d8                netif_set_default
 .text.netif_set_up
                0x00000000080069e4       0x34 ./Middlewares/Third_Party/LwIP/src/core/netif.o
                0x00000000080069e4                netif_set_up
 .text.netif_set_down
                0x0000000008006a18       0x38 ./Middlewares/Third_Party/LwIP/src/core/netif.o
                0x0000000008006a18                netif_set_down
 .text.netif_set_link_callback
                0x0000000008006a50        0x6 ./Middlewares/Third_Party/LwIP/src/core/netif.o
                0x0000000008006a50                netif_set_link_callback
 *fill*         0x0000000008006a56        0x2 
 .text.netif_get_by_index
                0x0000000008006a58       0x24 ./Middlewares/Third_Party/LwIP/src/core/netif.o
                0x0000000008006a58                netif_get_by_index
 .text.pbuf_add_header_impl
                0x0000000008006a7c       0x64 ./Middlewares/Third_Party/LwIP/src/core/pbuf.o
 .text.pbuf_free_ooseq
                0x0000000008006ae0       0x24 ./Middlewares/Third_Party/LwIP/src/core/pbuf.o
                0x0000000008006ae0                pbuf_free_ooseq
 .text.pbuf_alloc_reference
                0x0000000008006b04       0x48 ./Middlewares/Third_Party/LwIP/src/core/pbuf.o
                0x0000000008006b04                pbuf_alloc_reference
 .text.pbuf_alloced_custom
                0x0000000008006b4c       0x34 ./Middlewares/Third_Party/LwIP/src/core/pbuf.o
                0x0000000008006b4c                pbuf_alloced_custom
 .text.pbuf_add_header
                0x0000000008006b80        0x6 ./Middlewares/Third_Party/LwIP/src/core/pbuf.o
                0x0000000008006b80                pbuf_add_header
 *fill*         0x0000000008006b86        0x2 
 .text.pbuf_remove_header
                0x0000000008006b88       0x58 ./Middlewares/Third_Party/LwIP/src/core/pbuf.o
                0x0000000008006b88                pbuf_remove_header
 .text.pbuf_header_force
                0x0000000008006be0       0x10 ./Middlewares/Third_Party/LwIP/src/core/pbuf.o
                0x0000000008006be0                pbuf_header_force
 .text.pbuf_free
                0x0000000008006bf0       0xc8 ./Middlewares/Third_Party/LwIP/src/core/pbuf.o
                0x0000000008006bf0                pbuf_free
 .text.pbuf_alloc
                0x0000000008006cb8      0x100 ./Middlewares/Third_Party/LwIP/src/core/pbuf.o
                0x0000000008006cb8                pbuf_alloc
 .text.pbuf_realloc
                0x0000000008006db8       0xb0 ./Middlewares/Third_Party/LwIP/src/core/pbuf.o
                0x0000000008006db8                pbuf_realloc
 .text.pbuf_clen
                0x0000000008006e68       0x10 ./Middlewares/Third_Party/LwIP/src/core/pbuf.o
                0x0000000008006e68                pbuf_clen
 .text.pbuf_ref
                0x0000000008006e78       0x28 ./Middlewares/Third_Party/LwIP/src/core/pbuf.o
                0x0000000008006e78                pbuf_ref
 .text.pbuf_cat
                0x0000000008006ea0       0x74 ./Middlewares/Third_Party/LwIP/src/core/pbuf.o
                0x0000000008006ea0                pbuf_cat
 .text.pbuf_chain
                0x0000000008006f14       0x12 ./Middlewares/Third_Party/LwIP/src/core/pbuf.o
                0x0000000008006f14                pbuf_chain
 *fill*         0x0000000008006f26        0x2 
 .text.pbuf_copy
                0x0000000008006f28      0x104 ./Middlewares/Third_Party/LwIP/src/core/pbuf.o
                0x0000000008006f28                pbuf_copy
 .text.pbuf_copy_partial
                0x000000000800702c       0x8c ./Middlewares/Third_Party/LwIP/src/core/pbuf.o
                0x000000000800702c                pbuf_copy_partial
 .text.pbuf_take
                0x00000000080070b8       0xbc ./Middlewares/Third_Party/LwIP/src/core/pbuf.o
                0x00000000080070b8                pbuf_take
 .text.pbuf_clone
                0x0000000008007174       0x38 ./Middlewares/Third_Party/LwIP/src/core/pbuf.o
                0x0000000008007174                pbuf_clone
 .text.tcp_close_shutdown_fin
                0x00000000080071ac       0x60 ./Middlewares/Third_Party/LwIP/src/core/tcp.o
 .text.tcp_init
                0x000000000800720c       0x18 ./Middlewares/Third_Party/LwIP/src/core/tcp.o
                0x000000000800720c                tcp_init
 .text.tcp_free
                0x0000000008007224       0x30 ./Middlewares/Third_Party/LwIP/src/core/tcp.o
                0x0000000008007224                tcp_free
 .text.tcp_update_rcv_ann_wnd
                0x0000000008007254       0x6c ./Middlewares/Third_Party/LwIP/src/core/tcp.o
                0x0000000008007254                tcp_update_rcv_ann_wnd
 .text.tcp_recved
                0x00000000080072c0       0x7c ./Middlewares/Third_Party/LwIP/src/core/tcp.o
                0x00000000080072c0                tcp_recved
 .text.tcp_seg_free
                0x000000000800733c       0x1c ./Middlewares/Third_Party/LwIP/src/core/tcp.o
                0x000000000800733c                tcp_seg_free
 .text.tcp_segs_free
                0x0000000008007358       0x10 ./Middlewares/Third_Party/LwIP/src/core/tcp.o
                0x0000000008007358                tcp_segs_free
 .text.tcp_seg_copy
                0x0000000008007368       0x48 ./Middlewares/Third_Party/LwIP/src/core/tcp.o
                0x0000000008007368                tcp_seg_copy
 .text.tcp_next_iss
                0x00000000080073b0       0x34 ./Middlewares/Third_Party/LwIP/src/core/tcp.o
                0x00000000080073b0                tcp_next_iss
 .text.tcp_eff_send_mss_netif
                0x00000000080073e4       0x3c ./Middlewares/Third_Party/LwIP/src/core/tcp.o
                0x00000000080073e4                tcp_eff_send_mss_netif
 .text.tcp_free_ooseq
                0x0000000008007420       0x12 ./Middlewares/Third_Party/LwIP/src/core/tcp.o
                0x0000000008007420                tcp_free_ooseq
 *fill*         0x0000000008007432        0x2 
 .text.tcp_pcb_purge
                0x0000000008007434       0x64 ./Middlewares/Third_Party/LwIP/src/core/tcp.o
                0x0000000008007434                tcp_pcb_purge
 .text.tcp_pcb_remove
                0x0000000008007498       0xcc ./Middlewares/Third_Party/LwIP/src/core/tcp.o
                0x0000000008007498                tcp_pcb_remove
 .text.tcp_abandon
                0x0000000008007564      0x104 ./Middlewares/Third_Party/LwIP/src/core/tcp.o
                0x0000000008007564                tcp_abandon
 .text.tcp_abort
                0x0000000008007668        0x6 ./Middlewares/Third_Party/LwIP/src/core/tcp.o
                0x0000000008007668                tcp_abort
 *fill*         0x000000000800766e        0x2 
 .text.tcp_netif_ip_addr_changed_pcblist
                0x0000000008007670       0x3c ./Middlewares/Third_Party/LwIP/src/core/tcp.o
 .text.tcp_netif_ip_addr_changed
                0x00000000080076ac       0x48 ./Middlewares/Third_Party/LwIP/src/core/tcp.o
                0x00000000080076ac                tcp_netif_ip_addr_changed
 .text.tcp_kill_state
                0x00000000080076f4       0x3c ./Middlewares/Third_Party/LwIP/src/core/tcp.o
 .text.tcp_alloc
                0x0000000008007730      0x134 ./Middlewares/Third_Party/LwIP/src/core/tcp.o
                0x0000000008007730                tcp_alloc
 .text.tcp_close_shutdown
                0x0000000008007864      0x164 ./Middlewares/Third_Party/LwIP/src/core/tcp.o
 .text.tcp_close
                0x00000000080079c8       0x3c ./Middlewares/Third_Party/LwIP/src/core/tcp.o
                0x00000000080079c8                tcp_close
 .text.tcp_recv_null
                0x0000000008007a04       0x48 ./Middlewares/Third_Party/LwIP/src/core/tcp.o
                0x0000000008007a04                tcp_recv_null
 .text.tcp_process_refused_data
                0x0000000008007a4c       0x88 ./Middlewares/Third_Party/LwIP/src/core/tcp.o
                0x0000000008007a4c                tcp_process_refused_data
 .text.tcp_fasttmr
                0x0000000008007ad4       0x80 ./Middlewares/Third_Party/LwIP/src/core/tcp.o
                0x0000000008007ad4                tcp_fasttmr
 .text.tcp_slowtmr
                0x0000000008007b54      0x440 ./Middlewares/Third_Party/LwIP/src/core/tcp.o
                0x0000000008007b54                tcp_slowtmr
 .text.tcp_tmr  0x0000000008007f94       0x24 ./Middlewares/Third_Party/LwIP/src/core/tcp.o
                0x0000000008007f94                tcp_tmr
 .text.tcp_get_next_optbyte
                0x0000000008007fb8       0x38 ./Middlewares/Third_Party/LwIP/src/core/tcp_in.o
 .text.tcp_oos_insert_segment
                0x0000000008007ff0       0x94 ./Middlewares/Third_Party/LwIP/src/core/tcp_in.o
 .text.tcp_parseopt
                0x0000000008008084       0x90 ./Middlewares/Third_Party/LwIP/src/core/tcp_in.o
 .text.tcp_input_delayed_close
                0x0000000008008114       0x58 ./Middlewares/Third_Party/LwIP/src/core/tcp_in.o
 .text.tcp_free_acked_segments.isra.0
                0x000000000800816c       0xbc ./Middlewares/Third_Party/LwIP/src/core/tcp_in.o
 .text.tcp_receive
                0x0000000008008228      0x858 ./Middlewares/Third_Party/LwIP/src/core/tcp_in.o
 .text.tcp_input
                0x0000000008008a80      0xad4 ./Middlewares/Third_Party/LwIP/src/core/tcp_in.o
                0x0000000008008a80                tcp_input
 .text.tcp_trigger_input_pcb_close
                0x0000000008009554       0x10 ./Middlewares/Third_Party/LwIP/src/core/tcp_in.o
                0x0000000008009554                tcp_trigger_input_pcb_close
 .text.tcp_output_segment_busy
                0x0000000008009564       0x2c ./Middlewares/Third_Party/LwIP/src/core/tcp_out.o
 .text.tcp_create_segment
                0x0000000008009590       0xe0 ./Middlewares/Third_Party/LwIP/src/core/tcp_out.o
 .text.tcp_output_alloc_header_common.constprop.0
                0x0000000008009670       0x84 ./Middlewares/Third_Party/LwIP/src/core/tcp_out.o
 .text.tcp_output_alloc_header.constprop.0
                0x00000000080096f4       0x4c ./Middlewares/Third_Party/LwIP/src/core/tcp_out.o
 .text.tcp_output_fill_options.isra.0.constprop.0
                0x0000000008009740       0x20 ./Middlewares/Third_Party/LwIP/src/core/tcp_out.o
 .text.tcp_output_control_segment
                0x0000000008009760       0x70 ./Middlewares/Third_Party/LwIP/src/core/tcp_out.o
 .text.tcp_split_unsent_seg
                0x00000000080097d0      0x198 ./Middlewares/Third_Party/LwIP/src/core/tcp_out.o
                0x00000000080097d0                tcp_split_unsent_seg
 .text.tcp_enqueue_flags
                0x0000000008009968      0x128 ./Middlewares/Third_Party/LwIP/src/core/tcp_out.o
                0x0000000008009968                tcp_enqueue_flags
 .text.tcp_send_fin
                0x0000000008009a90       0x60 ./Middlewares/Third_Party/LwIP/src/core/tcp_out.o
                0x0000000008009a90                tcp_send_fin
 .text.tcp_rexmit_rto_prepare
                0x0000000008009af0       0x88 ./Middlewares/Third_Party/LwIP/src/core/tcp_out.o
                0x0000000008009af0                tcp_rexmit_rto_prepare
 .text.tcp_rexmit
                0x0000000008009b78       0x84 ./Middlewares/Third_Party/LwIP/src/core/tcp_out.o
                0x0000000008009b78                tcp_rexmit
 .text.tcp_rexmit_fast
                0x0000000008009bfc       0x68 ./Middlewares/Third_Party/LwIP/src/core/tcp_out.o
                0x0000000008009bfc                tcp_rexmit_fast
 .text.tcp_rst  0x0000000008009c64       0x8c ./Middlewares/Third_Party/LwIP/src/core/tcp_out.o
                0x0000000008009c64                tcp_rst
 .text.tcp_send_empty_ack
                0x0000000008009cf0       0x64 ./Middlewares/Third_Party/LwIP/src/core/tcp_out.o
                0x0000000008009cf0                tcp_send_empty_ack
 .text.tcp_output
                0x0000000008009d54      0x354 ./Middlewares/Third_Party/LwIP/src/core/tcp_out.o
                0x0000000008009d54                tcp_output
 .text.tcp_rexmit_rto_commit
                0x000000000800a0a8       0x38 ./Middlewares/Third_Party/LwIP/src/core/tcp_out.o
                0x000000000800a0a8                tcp_rexmit_rto_commit
 .text.tcp_rexmit_rto
                0x000000000800a0e0       0x34 ./Middlewares/Third_Party/LwIP/src/core/tcp_out.o
                0x000000000800a0e0                tcp_rexmit_rto
 .text.tcp_keepalive
                0x000000000800a114       0x50 ./Middlewares/Third_Party/LwIP/src/core/tcp_out.o
                0x000000000800a114                tcp_keepalive
 .text.tcp_zero_window_probe
                0x000000000800a164       0xc8 ./Middlewares/Third_Party/LwIP/src/core/tcp_out.o
                0x000000000800a164                tcp_zero_window_probe
 .text.sys_timeout_abs
                0x000000000800a22c       0x64 ./Middlewares/Third_Party/LwIP/src/core/timeouts.o
 .text.lwip_cyclic_timer
                0x000000000800a290       0x34 ./Middlewares/Third_Party/LwIP/src/core/timeouts.o
 .text.sys_timeout
                0x000000000800a2c4       0x3c ./Middlewares/Third_Party/LwIP/src/core/timeouts.o
                0x000000000800a2c4                sys_timeout
 .text.tcp_timer_needed
                0x000000000800a300       0x34 ./Middlewares/Third_Party/LwIP/src/core/timeouts.o
                0x000000000800a300                tcp_timer_needed
 .text.tcpip_tcp_timer
                0x000000000800a334       0x38 ./Middlewares/Third_Party/LwIP/src/core/timeouts.o
 .text.sys_timeouts_init
                0x000000000800a36c       0x2c ./Middlewares/Third_Party/LwIP/src/core/timeouts.o
                0x000000000800a36c                sys_timeouts_init
 .text.sys_check_timeouts
                0x000000000800a398       0x58 ./Middlewares/Third_Party/LwIP/src/core/timeouts.o
                0x000000000800a398                sys_check_timeouts
 .text.udp_init
                0x000000000800a3f0       0x18 ./Middlewares/Third_Party/LwIP/src/core/udp.o
                0x000000000800a3f0                udp_init
 .text.udp_input
                0x000000000800a408      0x1b0 ./Middlewares/Third_Party/LwIP/src/core/udp.o
                0x000000000800a408                udp_input
 .text.udp_bind
                0x000000000800a5b8       0xd0 ./Middlewares/Third_Party/LwIP/src/core/udp.o
                0x000000000800a5b8                udp_bind
 .text.udp_sendto_if_src
                0x000000000800a688      0x130 ./Middlewares/Third_Party/LwIP/src/core/udp.o
                0x000000000800a688                udp_sendto_if_src
 .text.udp_sendto_if
                0x000000000800a7b8       0x80 ./Middlewares/Third_Party/LwIP/src/core/udp.o
                0x000000000800a7b8                udp_sendto_if
 .text.udp_sendto
                0x000000000800a838       0x78 ./Middlewares/Third_Party/LwIP/src/core/udp.o
                0x000000000800a838                udp_sendto
 .text.udp_send
                0x000000000800a8b0       0x44 ./Middlewares/Third_Party/LwIP/src/core/udp.o
                0x000000000800a8b0                udp_send
 .text.udp_connect
                0x000000000800a8f4       0x78 ./Middlewares/Third_Party/LwIP/src/core/udp.o
                0x000000000800a8f4                udp_connect
 .text.udp_disconnect
                0x000000000800a96c       0x30 ./Middlewares/Third_Party/LwIP/src/core/udp.o
                0x000000000800a96c                udp_disconnect
 .text.udp_recv
                0x000000000800a99c       0x24 ./Middlewares/Third_Party/LwIP/src/core/udp.o
                0x000000000800a99c                udp_recv
 .text.udp_remove
                0x000000000800a9c0       0x4c ./Middlewares/Third_Party/LwIP/src/core/udp.o
                0x000000000800a9c0                udp_remove
 .text.udp_new  0x000000000800aa0c       0x1c ./Middlewares/Third_Party/LwIP/src/core/udp.o
                0x000000000800aa0c                udp_new
 .text.udp_netif_ip_addr_changed
                0x000000000800aa28       0x2c ./Middlewares/Third_Party/LwIP/src/core/udp.o
                0x000000000800aa28                udp_netif_ip_addr_changed
 .text.etharp_free_entry
                0x000000000800aa54       0x28 ./Middlewares/Third_Party/LwIP/src/core/ipv4/etharp.o
 .text.etharp_find_entry
                0x000000000800aa7c      0x120 ./Middlewares/Third_Party/LwIP/src/core/ipv4/etharp.o
 .text.etharp_raw
                0x000000000800ab9c       0xdc ./Middlewares/Third_Party/LwIP/src/core/ipv4/etharp.o
 .text.etharp_cleanup_netif
                0x000000000800ac78       0x28 ./Middlewares/Third_Party/LwIP/src/core/ipv4/etharp.o
                0x000000000800ac78                etharp_cleanup_netif
 .text.etharp_input
                0x000000000800aca0      0x144 ./Middlewares/Third_Party/LwIP/src/core/ipv4/etharp.o
                0x000000000800aca0                etharp_input
 .text.etharp_request
                0x000000000800ade4       0x2c ./Middlewares/Third_Party/LwIP/src/core/ipv4/etharp.o
                0x000000000800ade4                etharp_request
 .text.etharp_tmr
                0x000000000800ae10       0x54 ./Middlewares/Third_Party/LwIP/src/core/ipv4/etharp.o
                0x000000000800ae10                etharp_tmr
 .text.etharp_output_to_arp_index
                0x000000000800ae64       0xac ./Middlewares/Third_Party/LwIP/src/core/ipv4/etharp.o
 .text.etharp_query
                0x000000000800af10      0x130 ./Middlewares/Third_Party/LwIP/src/core/ipv4/etharp.o
                0x000000000800af10                etharp_query
 .text.etharp_output
                0x000000000800b040      0x134 ./Middlewares/Third_Party/LwIP/src/core/ipv4/etharp.o
                0x000000000800b040                etharp_output
 .text.icmp_send_response.isra.0
                0x000000000800b174       0x90 ./Middlewares/Third_Party/LwIP/src/core/ipv4/icmp.o
 .text.icmp_input
                0x000000000800b204      0x12c ./Middlewares/Third_Party/LwIP/src/core/ipv4/icmp.o
                0x000000000800b204                icmp_input
 .text.icmp_dest_unreach
                0x000000000800b330        0xa ./Middlewares/Third_Party/LwIP/src/core/ipv4/icmp.o
                0x000000000800b330                icmp_dest_unreach
 .text.icmp_time_exceeded
                0x000000000800b33a        0xa ./Middlewares/Third_Party/LwIP/src/core/ipv4/icmp.o
                0x000000000800b33a                icmp_time_exceeded
 .text.ip4_input_accept
                0x000000000800b344       0x34 ./Middlewares/Third_Party/LwIP/src/core/ipv4/ip4.o
 .text.ip4_route
                0x000000000800b378       0x5c ./Middlewares/Third_Party/LwIP/src/core/ipv4/ip4.o
                0x000000000800b378                ip4_route
 .text.ip4_input
                0x000000000800b3d4      0x168 ./Middlewares/Third_Party/LwIP/src/core/ipv4/ip4.o
                0x000000000800b3d4                ip4_input
 .text.ip4_output_if_src
                0x000000000800b53c       0xf4 ./Middlewares/Third_Party/LwIP/src/core/ipv4/ip4.o
                0x000000000800b53c                ip4_output_if_src
 .text.ip4_output_if
                0x000000000800b630       0x22 ./Middlewares/Third_Party/LwIP/src/core/ipv4/ip4.o
                0x000000000800b630                ip4_output_if
 .text.ip4_addr_isbroadcast_u32
                0x000000000800b652       0x36 ./Middlewares/Third_Party/LwIP/src/core/ipv4/ip4_addr.o
                0x000000000800b652                ip4_addr_isbroadcast_u32
 .text.ip_reass_dequeue_datagram
                0x000000000800b688       0x44 ./Middlewares/Third_Party/LwIP/src/core/ipv4/ip4_frag.o
 .text.ip_reass_free_complete_datagram
                0x000000000800b6cc       0xe8 ./Middlewares/Third_Party/LwIP/src/core/ipv4/ip4_frag.o
 .text.ip_reass_remove_oldest_datagram
                0x000000000800b7b4       0x78 ./Middlewares/Third_Party/LwIP/src/core/ipv4/ip4_frag.o
 .text.ip_frag_free_pbuf_custom_ref
                0x000000000800b82c       0x2c ./Middlewares/Third_Party/LwIP/src/core/ipv4/ip4_frag.o
 .text.ipfrag_free_pbuf_custom
                0x000000000800b858       0x34 ./Middlewares/Third_Party/LwIP/src/core/ipv4/ip4_frag.o
 .text.ip_reass_tmr
                0x000000000800b88c       0x2c ./Middlewares/Third_Party/LwIP/src/core/ipv4/ip4_frag.o
                0x000000000800b88c                ip_reass_tmr
 .text.ip4_reass
                0x000000000800b8b8      0x3b8 ./Middlewares/Third_Party/LwIP/src/core/ipv4/ip4_frag.o
                0x000000000800b8b8                ip4_reass
 .text.ip4_frag
                0x000000000800bc70      0x1d8 ./Middlewares/Third_Party/LwIP/src/core/ipv4/ip4_frag.o
                0x000000000800bc70                ip4_frag
 .text.ethernet_input
                0x000000000800be48       0xa0 ./Middlewares/Third_Party/LwIP/src/netif/ethernet.o
                0x000000000800be48                ethernet_input
 .text.ethernet_output
                0x000000000800bee8       0x70 ./Middlewares/Third_Party/LwIP/src/netif/ethernet.o
                0x000000000800bee8                ethernet_output
 .text._ZdlPv   0x000000000800bf58        0x4 c:/st/stm32cubeide_1.8.0/stm32cubeide/plugins/com.st.stm32cube.ide.mcu.externaltools.gnu-tools-for-stm32.9-2020-q2-update.win32_2.0.0.202105311346/tools/bin/../lib/gcc/arm-none-eabi/9.3.1/../../../../arm-none-eabi/lib/thumb/v7e-m+fp/hard\libstdc++_nano.a(del_op.o)
                0x000000000800bf58                operator delete(void*)
 .text._ZdlPvj  0x000000000800bf5c        0x4 c:/st/stm32cubeide_1.8.0/stm32cubeide/plugins/com.st.stm32cube.ide.mcu.externaltools.gnu-tools-for-stm32.9-2020-q2-update.win32_2.0.0.202105311346/tools/bin/../lib/gcc/arm-none-eabi/9.3.1/../../../../arm-none-eabi/lib/thumb/v7e-m+fp/hard\libstdc++_nano.a(del_ops.o)